Archive member included to satisfy reference by file (symbol)

c:/st/stm32cubeide_1.12.1/stm32cubeide/plugins/com.st.stm32cube.ide.mcu.externaltools.gnu-tools-for-stm32.10.3-2021.10.win32_1.0.200.202301161003/tools/bin/../lib/gcc/arm-none-eabi/10.3.1/../../../../arm-none-eabi/lib/thumb/v7-m/nofp\libc_nano.a(lib_a-errno.o)
                              ./Src/syscalls.o (__errno)
c:/st/stm32cubeide_1.12.1/stm32cubeide/plugins/com.st.stm32cube.ide.mcu.externaltools.gnu-tools-for-stm32.10.3-2021.10.win32_1.0.200.202301161003/tools/bin/../lib/gcc/arm-none-eabi/10.3.1/../../../../arm-none-eabi/lib/thumb/v7-m/nofp\libc_nano.a(lib_a-exit.o)
                              c:/st/stm32cubeide_1.12.1/stm32cubeide/plugins/com.st.stm32cube.ide.mcu.externaltools.gnu-tools-for-stm32.10.3-2021.10.win32_1.0.200.202301161003/tools/bin/../lib/gcc/arm-none-eabi/10.3.1/../../../../arm-none-eabi/lib/thumb/v7-m/nofp/crt0.o (exit)
c:/st/stm32cubeide_1.12.1/stm32cubeide/plugins/com.st.stm32cube.ide.mcu.externaltools.gnu-tools-for-stm32.10.3-2021.10.win32_1.0.200.202301161003/tools/bin/../lib/gcc/arm-none-eabi/10.3.1/../../../../arm-none-eabi/lib/thumb/v7-m/nofp\libc_nano.a(lib_a-impure.o)
                              c:/st/stm32cubeide_1.12.1/stm32cubeide/plugins/com.st.stm32cube.ide.mcu.externaltools.gnu-tools-for-stm32.10.3-2021.10.win32_1.0.200.202301161003/tools/bin/../lib/gcc/arm-none-eabi/10.3.1/../../../../arm-none-eabi/lib/thumb/v7-m/nofp\libc_nano.a(lib_a-exit.o) (_global_impure_ptr)
c:/st/stm32cubeide_1.12.1/stm32cubeide/plugins/com.st.stm32cube.ide.mcu.externaltools.gnu-tools-for-stm32.10.3-2021.10.win32_1.0.200.202301161003/tools/bin/../lib/gcc/arm-none-eabi/10.3.1/../../../../arm-none-eabi/lib/thumb/v7-m/nofp\libc_nano.a(lib_a-init.o)
                              c:/st/stm32cubeide_1.12.1/stm32cubeide/plugins/com.st.stm32cube.ide.mcu.externaltools.gnu-tools-for-stm32.10.3-2021.10.win32_1.0.200.202301161003/tools/bin/../lib/gcc/arm-none-eabi/10.3.1/../../../../arm-none-eabi/lib/thumb/v7-m/nofp/crt0.o (__libc_init_array)
c:/st/stm32cubeide_1.12.1/stm32cubeide/plugins/com.st.stm32cube.ide.mcu.externaltools.gnu-tools-for-stm32.10.3-2021.10.win32_1.0.200.202301161003/tools/bin/../lib/gcc/arm-none-eabi/10.3.1/../../../../arm-none-eabi/lib/thumb/v7-m/nofp\libc_nano.a(lib_a-memset.o)
                              c:/st/stm32cubeide_1.12.1/stm32cubeide/plugins/com.st.stm32cube.ide.mcu.externaltools.gnu-tools-for-stm32.10.3-2021.10.win32_1.0.200.202301161003/tools/bin/../lib/gcc/arm-none-eabi/10.3.1/../../../../arm-none-eabi/lib/thumb/v7-m/nofp/crt0.o (memset)

Discarded input sections

 .text          0x0000000000000000        0x0 c:/st/stm32cubeide_1.12.1/stm32cubeide/plugins/com.st.stm32cube.ide.mcu.externaltools.gnu-tools-for-stm32.10.3-2021.10.win32_1.0.200.202301161003/tools/bin/../lib/gcc/arm-none-eabi/10.3.1/thumb/v7-m/nofp/crti.o
 .data          0x0000000000000000        0x0 c:/st/stm32cubeide_1.12.1/stm32cubeide/plugins/com.st.stm32cube.ide.mcu.externaltools.gnu-tools-for-stm32.10.3-2021.10.win32_1.0.200.202301161003/tools/bin/../lib/gcc/arm-none-eabi/10.3.1/thumb/v7-m/nofp/crti.o
 .bss           0x0000000000000000        0x0 c:/st/stm32cubeide_1.12.1/stm32cubeide/plugins/com.st.stm32cube.ide.mcu.externaltools.gnu-tools-for-stm32.10.3-2021.10.win32_1.0.200.202301161003/tools/bin/../lib/gcc/arm-none-eabi/10.3.1/thumb/v7-m/nofp/crti.o
 .data          0x0000000000000000        0x4 c:/st/stm32cubeide_1.12.1/stm32cubeide/plugins/com.st.stm32cube.ide.mcu.externaltools.gnu-tools-for-stm32.10.3-2021.10.win32_1.0.200.202301161003/tools/bin/../lib/gcc/arm-none-eabi/10.3.1/thumb/v7-m/nofp/crtbegin.o
 .rodata        0x0000000000000000       0x24 c:/st/stm32cubeide_1.12.1/stm32cubeide/plugins/com.st.stm32cube.ide.mcu.externaltools.gnu-tools-for-stm32.10.3-2021.10.win32_1.0.200.202301161003/tools/bin/../lib/gcc/arm-none-eabi/10.3.1/thumb/v7-m/nofp/crtbegin.o
 .text          0x0000000000000000       0x7c c:/st/stm32cubeide_1.12.1/stm32cubeide/plugins/com.st.stm32cube.ide.mcu.externaltools.gnu-tools-for-stm32.10.3-2021.10.win32_1.0.200.202301161003/tools/bin/../lib/gcc/arm-none-eabi/10.3.1/../../../../arm-none-eabi/lib/thumb/v7-m/nofp/crt0.o
 .data          0x0000000000000000        0x0 c:/st/stm32cubeide_1.12.1/stm32cubeide/plugins/com.st.stm32cube.ide.mcu.externaltools.gnu-tools-for-stm32.10.3-2021.10.win32_1.0.200.202301161003/tools/bin/../lib/gcc/arm-none-eabi/10.3.1/../../../../arm-none-eabi/lib/thumb/v7-m/nofp/crt0.o
 .bss           0x0000000000000000        0x0 c:/st/stm32cubeide_1.12.1/stm32cubeide/plugins/com.st.stm32cube.ide.mcu.externaltools.gnu-tools-for-stm32.10.3-2021.10.win32_1.0.200.202301161003/tools/bin/../lib/gcc/arm-none-eabi/10.3.1/../../../../arm-none-eabi/lib/thumb/v7-m/nofp/crt0.o
 .ARM.extab     0x0000000000000000        0x0 c:/st/stm32cubeide_1.12.1/stm32cubeide/plugins/com.st.stm32cube.ide.mcu.externaltools.gnu-tools-for-stm32.10.3-2021.10.win32_1.0.200.202301161003/tools/bin/../lib/gcc/arm-none-eabi/10.3.1/../../../../arm-none-eabi/lib/thumb/v7-m/nofp/crt0.o
 .ARM.exidx     0x0000000000000000       0x10 c:/st/stm32cubeide_1.12.1/stm32cubeide/plugins/com.st.stm32cube.ide.mcu.externaltools.gnu-tools-for-stm32.10.3-2021.10.win32_1.0.200.202301161003/tools/bin/../lib/gcc/arm-none-eabi/10.3.1/../../../../arm-none-eabi/lib/thumb/v7-m/nofp/crt0.o
 .ARM.attributes
                0x0000000000000000       0x1b c:/st/stm32cubeide_1.12.1/stm32cubeide/plugins/com.st.stm32cube.ide.mcu.externaltools.gnu-tools-for-stm32.10.3-2021.10.win32_1.0.200.202301161003/tools/bin/../lib/gcc/arm-none-eabi/10.3.1/../../../../arm-none-eabi/lib/thumb/v7-m/nofp/crt0.o
 .group         0x0000000000000000        0xc ./HAL/keypad.o
 .group         0x0000000000000000        0xc ./HAL/keypad.o
 .group         0x0000000000000000        0xc ./HAL/keypad.o
 .group         0x0000000000000000        0xc ./HAL/keypad.o
 .group         0x0000000000000000        0xc ./HAL/keypad.o
 .group         0x0000000000000000        0xc ./HAL/keypad.o
 .group         0x0000000000000000        0xc ./HAL/keypad.o
 .group         0x0000000000000000        0xc ./HAL/keypad.o
 .group         0x0000000000000000        0xc ./HAL/keypad.o
 .group         0x0000000000000000        0xc ./HAL/keypad.o
 .group         0x0000000000000000        0xc ./HAL/keypad.o
 .group         0x0000000000000000        0xc ./HAL/keypad.o
 .group         0x0000000000000000        0xc ./HAL/keypad.o
 .group         0x0000000000000000        0xc ./HAL/keypad.o
 .group         0x0000000000000000        0xc ./HAL/keypad.o
 .group         0x0000000000000000        0xc ./HAL/keypad.o
 .group         0x0000000000000000        0xc ./HAL/keypad.o
 .group         0x0000000000000000        0xc ./HAL/keypad.o
 .group         0x0000000000000000        0xc ./HAL/keypad.o
 .group         0x0000000000000000        0xc ./HAL/keypad.o
 .group         0x0000000000000000        0xc ./HAL/keypad.o
 .group         0x0000000000000000        0xc ./HAL/keypad.o
 .group         0x0000000000000000        0xc ./HAL/keypad.o
 .group         0x0000000000000000        0xc ./HAL/keypad.o
 .group         0x0000000000000000        0xc ./HAL/keypad.o
 .group         0x0000000000000000        0xc ./HAL/keypad.o
 .group         0x0000000000000000        0xc ./HAL/keypad.o
 .group         0x0000000000000000        0xc ./HAL/keypad.o
 .text          0x0000000000000000        0x0 ./HAL/keypad.o
 .data          0x0000000000000000        0x0 ./HAL/keypad.o
 .bss           0x0000000000000000        0x0 ./HAL/keypad.o
 .data.Key_padRow
                0x0000000000000000       0x10 ./HAL/keypad.o
 .data.Key_padCol
                0x0000000000000000       0x10 ./HAL/keypad.o
 .text.delay_mss
                0x0000000000000000       0x3a ./HAL/keypad.o
 .text.Keypad_init
                0x0000000000000000       0xcc ./HAL/keypad.o
 .text.Keypad_getkey
                0x0000000000000000      0x198 ./HAL/keypad.o
 .debug_info    0x0000000000000000      0x2e8 ./HAL/keypad.o
 .debug_abbrev  0x0000000000000000      0x15a ./HAL/keypad.o
 .debug_loc     0x0000000000000000       0xfc ./HAL/keypad.o
 .debug_aranges
                0x0000000000000000       0x30 ./HAL/keypad.o
 .debug_ranges  0x0000000000000000       0x20 ./HAL/keypad.o
 .debug_macro   0x0000000000000000      0x15f ./HAL/keypad.o
 .debug_macro   0x0000000000000000      0xa72 ./HAL/keypad.o
 .debug_macro   0x0000000000000000       0x18 ./HAL/keypad.o
 .debug_macro   0x0000000000000000       0x22 ./HAL/keypad.o
 .debug_macro   0x0000000000000000       0x4c ./HAL/keypad.o
 .debug_macro   0x0000000000000000       0x94 ./HAL/keypad.o
 .debug_macro   0x0000000000000000       0x3c ./HAL/keypad.o
 .debug_macro   0x0000000000000000       0x34 ./HAL/keypad.o
 .debug_macro   0x0000000000000000       0x16 ./HAL/keypad.o
 .debug_macro   0x0000000000000000      0x10e ./HAL/keypad.o
 .debug_macro   0x0000000000000000       0x8d ./HAL/keypad.o
 .debug_macro   0x0000000000000000       0x16 ./HAL/keypad.o
 .debug_macro   0x0000000000000000       0x43 ./HAL/keypad.o
 .debug_macro   0x0000000000000000       0x57 ./HAL/keypad.o
 .debug_macro   0x0000000000000000       0x34 ./HAL/keypad.o
 .debug_macro   0x0000000000000000       0x10 ./HAL/keypad.o
 .debug_macro   0x0000000000000000       0x58 ./HAL/keypad.o
 .debug_macro   0x0000000000000000       0x71 ./HAL/keypad.o
 .debug_macro   0x0000000000000000       0x1c ./HAL/keypad.o
 .debug_macro   0x0000000000000000      0x12a ./HAL/keypad.o
 .debug_macro   0x0000000000000000      0x341 ./HAL/keypad.o
 .debug_macro   0x0000000000000000       0x16 ./HAL/keypad.o
 .debug_macro   0x0000000000000000       0x29 ./HAL/keypad.o
 .debug_macro   0x0000000000000000      0x103 ./HAL/keypad.o
 .debug_macro   0x0000000000000000       0x6a ./HAL/keypad.o
 .debug_macro   0x0000000000000000      0x1df ./HAL/keypad.o
 .debug_macro   0x0000000000000000      0x1b0 ./HAL/keypad.o
 .debug_macro   0x0000000000000000       0xd0 ./HAL/keypad.o
 .debug_macro   0x0000000000000000       0x3a ./HAL/keypad.o
 .debug_line    0x0000000000000000      0x6f5 ./HAL/keypad.o
 .debug_str     0x0000000000000000     0x7c2b ./HAL/keypad.o
 .comment       0x0000000000000000       0x51 ./HAL/keypad.o
 .debug_frame   0x0000000000000000       0x80 ./HAL/keypad.o
 .ARM.attributes
                0x0000000000000000       0x2d ./HAL/keypad.o
 .group         0x0000000000000000        0xc ./HAL/lcd.o
 .group         0x0000000000000000        0xc ./HAL/lcd.o
 .group         0x0000000000000000        0xc ./HAL/lcd.o
 .group         0x0000000000000000        0xc ./HAL/lcd.o
 .group         0x0000000000000000        0xc ./HAL/lcd.o
 .group         0x0000000000000000        0xc ./HAL/lcd.o
 .group         0x0000000000000000        0xc ./HAL/lcd.o
 .group         0x0000000000000000        0xc ./HAL/lcd.o
 .group         0x0000000000000000        0xc ./HAL/lcd.o
 .group         0x0000000000000000        0xc ./HAL/lcd.o
 .group         0x0000000000000000        0xc ./HAL/lcd.o
 .group         0x0000000000000000        0xc ./HAL/lcd.o
 .group         0x0000000000000000        0xc ./HAL/lcd.o
 .group         0x0000000000000000        0xc ./HAL/lcd.o
 .group         0x0000000000000000        0xc ./HAL/lcd.o
 .group         0x0000000000000000        0xc ./HAL/lcd.o
 .group         0x0000000000000000        0xc ./HAL/lcd.o
 .group         0x0000000000000000        0xc ./HAL/lcd.o
 .group         0x0000000000000000        0xc ./HAL/lcd.o
 .group         0x0000000000000000        0xc ./HAL/lcd.o
 .group         0x0000000000000000        0xc ./HAL/lcd.o
 .group         0x0000000000000000        0xc ./HAL/lcd.o
 .group         0x0000000000000000        0xc ./HAL/lcd.o
 .group         0x0000000000000000        0xc ./HAL/lcd.o
 .group         0x0000000000000000        0xc ./HAL/lcd.o
 .group         0x0000000000000000        0xc ./HAL/lcd.o
 .group         0x0000000000000000        0xc ./HAL/lcd.o
 .group         0x0000000000000000        0xc ./HAL/lcd.o
 .group         0x0000000000000000        0xc ./HAL/lcd.o
 .text          0x0000000000000000        0x0 ./HAL/lcd.o
 .data          0x0000000000000000        0x0 ./HAL/lcd.o
 .bss           0x0000000000000000        0x0 ./HAL/lcd.o
 .bss.PinCfg    0x0000000000000000        0x4 ./HAL/lcd.o
 .text.delay_ms
                0x0000000000000000       0x3a ./HAL/lcd.o
 .text.LCD_GPIO_init
                0x0000000000000000      0x158 ./HAL/lcd.o
 .text.LCD_clear_screen
                0x0000000000000000        0xe ./HAL/lcd.o
 .text.LCD_lcd_kick
                0x0000000000000000       0x2c ./HAL/lcd.o
 .text.LCD_GOTO_XY
                0x0000000000000000       0x48 ./HAL/lcd.o
 .text.LCD_INIT
                0x0000000000000000       0x34 ./HAL/lcd.o
 .text.LCD_check_lcd_isbusy
                0x0000000000000000       0xd8 ./HAL/lcd.o
 .text.LCD_WRITE_COMMAND
                0x0000000000000000       0x44 ./HAL/lcd.o
 .text.LCD_WRITE_CHAR
                0x0000000000000000       0x44 ./HAL/lcd.o
 .text.LCD_WRITE_STRING
                0x0000000000000000       0x5a ./HAL/lcd.o
 .debug_info    0x0000000000000000      0x384 ./HAL/lcd.o
 .debug_abbrev  0x0000000000000000      0x149 ./HAL/lcd.o
 .debug_loc     0x0000000000000000      0x278 ./HAL/lcd.o
 .debug_aranges
                0x0000000000000000       0x68 ./HAL/lcd.o
 .debug_ranges  0x0000000000000000       0x58 ./HAL/lcd.o
 .debug_macro   0x0000000000000000      0x15e ./HAL/lcd.o
 .debug_macro   0x0000000000000000      0xa72 ./HAL/lcd.o
 .debug_macro   0x0000000000000000       0x10 ./HAL/lcd.o
 .debug_macro   0x0000000000000000       0x18 ./HAL/lcd.o
 .debug_macro   0x0000000000000000       0x22 ./HAL/lcd.o
 .debug_macro   0x0000000000000000       0x4c ./HAL/lcd.o
 .debug_macro   0x0000000000000000       0x94 ./HAL/lcd.o
 .debug_macro   0x0000000000000000       0x3c ./HAL/lcd.o
 .debug_macro   0x0000000000000000       0x34 ./HAL/lcd.o
 .debug_macro   0x0000000000000000       0x16 ./HAL/lcd.o
 .debug_macro   0x0000000000000000      0x10e ./HAL/lcd.o
 .debug_macro   0x0000000000000000       0x8d ./HAL/lcd.o
 .debug_macro   0x0000000000000000       0x16 ./HAL/lcd.o
 .debug_macro   0x0000000000000000       0x43 ./HAL/lcd.o
 .debug_macro   0x0000000000000000       0x57 ./HAL/lcd.o
 .debug_macro   0x0000000000000000       0x34 ./HAL/lcd.o
 .debug_macro   0x0000000000000000       0x10 ./HAL/lcd.o
 .debug_macro   0x0000000000000000       0x58 ./HAL/lcd.o
 .debug_macro   0x0000000000000000       0x71 ./HAL/lcd.o
 .debug_macro   0x0000000000000000       0x1c ./HAL/lcd.o
 .debug_macro   0x0000000000000000      0x12a ./HAL/lcd.o
 .debug_macro   0x0000000000000000      0x341 ./HAL/lcd.o
 .debug_macro   0x0000000000000000       0x16 ./HAL/lcd.o
 .debug_macro   0x0000000000000000       0x29 ./HAL/lcd.o
 .debug_macro   0x0000000000000000      0x103 ./HAL/lcd.o
 .debug_macro   0x0000000000000000       0x6a ./HAL/lcd.o
 .debug_macro   0x0000000000000000      0x1df ./HAL/lcd.o
 .debug_macro   0x0000000000000000      0x1b0 ./HAL/lcd.o
 .debug_macro   0x0000000000000000       0xd0 ./HAL/lcd.o
 .debug_macro   0x0000000000000000       0x94 ./HAL/lcd.o
 .debug_line    0x0000000000000000      0x799 ./HAL/lcd.o
 .debug_str     0x0000000000000000     0x7e75 ./HAL/lcd.o
 .comment       0x0000000000000000       0x51 ./HAL/lcd.o
 .debug_frame   0x0000000000000000      0x154 ./HAL/lcd.o
 .ARM.attributes
                0x0000000000000000       0x2d ./HAL/lcd.o
 .group         0x0000000000000000        0xc ./Src/main.o
 .group         0x0000000000000000        0xc ./Src/main.o
 .group         0x0000000000000000        0xc ./Src/main.o
 .group         0x0000000000000000        0xc ./Src/main.o
 .group         0x0000000000000000        0xc ./Src/main.o
 .group         0x0000000000000000        0xc ./Src/main.o
 .group         0x0000000000000000        0xc ./Src/main.o
 .group         0x0000000000000000        0xc ./Src/main.o
 .group         0x0000000000000000        0xc ./Src/main.o
 .group         0x0000000000000000        0xc ./Src/main.o
 .group         0x0000000000000000        0xc ./Src/main.o
 .group         0x0000000000000000        0xc ./Src/main.o
 .group         0x0000000000000000        0xc ./Src/main.o
 .group         0x0000000000000000        0xc ./Src/main.o
 .group         0x0000000000000000        0xc ./Src/main.o
 .group         0x0000000000000000        0xc ./Src/main.o
 .group         0x0000000000000000        0xc ./Src/main.o
 .group         0x0000000000000000        0xc ./Src/main.o
 .group         0x0000000000000000        0xc ./Src/main.o
 .group         0x0000000000000000        0xc ./Src/main.o
 .group         0x0000000000000000        0xc ./Src/main.o
 .group         0x0000000000000000        0xc ./Src/main.o
 .group         0x0000000000000000        0xc ./Src/main.o
 .group         0x0000000000000000        0xc ./Src/main.o
 .group         0x0000000000000000        0xc ./Src/main.o
 .group         0x0000000000000000        0xc ./Src/main.o
 .group         0x0000000000000000        0xc ./Src/main.o
 .group         0x0000000000000000        0xc ./Src/main.o
 .group         0x0000000000000000        0xc ./Src/main.o
 .group         0x0000000000000000        0xc ./Src/main.o
 .text          0x0000000000000000        0x0 ./Src/main.o
 .data          0x0000000000000000        0x0 ./Src/main.o
 .bss           0x0000000000000000        0x0 ./Src/main.o
 .text.clock_init
                0x0000000000000000       0x28 ./Src/main.o
 .text.gpio_init
                0x0000000000000000       0x6c ./Src/main.o
 .text.delay    0x0000000000000000       0x3a ./Src/main.o
 .debug_macro   0x0000000000000000      0xa72 ./Src/main.o
 .debug_macro   0x0000000000000000       0x22 ./Src/main.o
 .debug_macro   0x0000000000000000      0x103 ./Src/main.o
 .debug_macro   0x0000000000000000       0x6a ./Src/main.o
 .debug_macro   0x0000000000000000      0x1df ./Src/main.o
 .debug_macro   0x0000000000000000       0x18 ./Src/main.o
 .debug_macro   0x0000000000000000       0x3c ./Src/main.o
 .debug_macro   0x0000000000000000       0x34 ./Src/main.o
 .debug_macro   0x0000000000000000       0x16 ./Src/main.o
 .debug_macro   0x0000000000000000      0x10e ./Src/main.o
 .debug_macro   0x0000000000000000       0x8d ./Src/main.o
 .debug_macro   0x0000000000000000       0x16 ./Src/main.o
 .debug_macro   0x0000000000000000       0x43 ./Src/main.o
 .debug_macro   0x0000000000000000       0x34 ./Src/main.o
 .debug_macro   0x0000000000000000       0x10 ./Src/main.o
 .debug_macro   0x0000000000000000       0x58 ./Src/main.o
 .debug_macro   0x0000000000000000       0x71 ./Src/main.o
 .debug_macro   0x0000000000000000       0x1c ./Src/main.o
 .debug_macro   0x0000000000000000      0x12a ./Src/main.o
 .debug_macro   0x0000000000000000      0x341 ./Src/main.o
 .debug_macro   0x0000000000000000       0x16 ./Src/main.o
 .debug_macro   0x0000000000000000       0x29 ./Src/main.o
 .debug_macro   0x0000000000000000      0x1b0 ./Src/main.o
 .debug_macro   0x0000000000000000       0xd0 ./Src/main.o
 .group         0x0000000000000000        0xc ./Src/syscalls.o
 .group         0x0000000000000000        0xc ./Src/syscalls.o
 .group         0x0000000000000000        0xc ./Src/syscalls.o
 .group         0x0000000000000000        0xc ./Src/syscalls.o
 .group         0x0000000000000000        0xc ./Src/syscalls.o
 .group         0x0000000000000000        0xc ./Src/syscalls.o
 .group         0x0000000000000000        0xc ./Src/syscalls.o
 .group         0x0000000000000000        0xc ./Src/syscalls.o
 .group         0x0000000000000000        0xc ./Src/syscalls.o
 .group         0x0000000000000000        0xc ./Src/syscalls.o
 .group         0x0000000000000000        0xc ./Src/syscalls.o
 .group         0x0000000000000000        0xc ./Src/syscalls.o
 .group         0x0000000000000000        0xc ./Src/syscalls.o
 .group         0x0000000000000000        0xc ./Src/syscalls.o
 .group         0x0000000000000000        0xc ./Src/syscalls.o
 .group         0x0000000000000000        0xc ./Src/syscalls.o
 .group         0x0000000000000000        0xc ./Src/syscalls.o
 .group         0x0000000000000000        0xc ./Src/syscalls.o
 .group         0x0000000000000000        0xc ./Src/syscalls.o
 .group         0x0000000000000000        0xc ./Src/syscalls.o
 .group         0x0000000000000000        0xc ./Src/syscalls.o
 .group         0x0000000000000000        0xc ./Src/syscalls.o
 .group         0x0000000000000000        0xc ./Src/syscalls.o
 .group         0x0000000000000000        0xc ./Src/syscalls.o
 .group         0x0000000000000000        0xc ./Src/syscalls.o
 .group         0x0000000000000000        0xc ./Src/syscalls.o
 .group         0x0000000000000000        0xc ./Src/syscalls.o
 .group         0x0000000000000000        0xc ./Src/syscalls.o
 .group         0x0000000000000000        0xc ./Src/syscalls.o
 .group         0x0000000000000000        0xc ./Src/syscalls.o
 .group         0x0000000000000000        0xc ./Src/syscalls.o
 .group         0x0000000000000000        0xc ./Src/syscalls.o
 .group         0x0000000000000000        0xc ./Src/syscalls.o
 .group         0x0000000000000000        0xc ./Src/syscalls.o
 .group         0x0000000000000000        0xc ./Src/syscalls.o
 .group         0x0000000000000000        0xc ./Src/syscalls.o
 .group         0x0000000000000000        0xc ./Src/syscalls.o
 .group         0x0000000000000000        0xc ./Src/syscalls.o
 .group         0x0000000000000000        0xc ./Src/syscalls.o
 .group         0x0000000000000000        0xc ./Src/syscalls.o
 .group         0x0000000000000000        0xc ./Src/syscalls.o
 .group         0x0000000000000000        0xc ./Src/syscalls.o
 .group         0x0000000000000000        0xc ./Src/syscalls.o
 .group         0x0000000000000000        0xc ./Src/syscalls.o
 .group         0x0000000000000000        0xc ./Src/syscalls.o
 .group         0x0000000000000000        0xc ./Src/syscalls.o
 .group         0x0000000000000000        0xc ./Src/syscalls.o
 .text          0x0000000000000000        0x0 ./Src/syscalls.o
 .data          0x0000000000000000        0x0 ./Src/syscalls.o
 .bss           0x0000000000000000        0x0 ./Src/syscalls.o
 .bss.__env     0x0000000000000000        0x4 ./Src/syscalls.o
 .data.environ  0x0000000000000000        0x4 ./Src/syscalls.o
 .text.initialise_monitor_handles
                0x0000000000000000        0xc ./Src/syscalls.o
 .text._getpid  0x0000000000000000        0xe ./Src/syscalls.o
 .text._kill    0x0000000000000000       0x20 ./Src/syscalls.o
 .text._exit    0x0000000000000000       0x14 ./Src/syscalls.o
 .text._read    0x0000000000000000       0x3a ./Src/syscalls.o
 .text._write   0x0000000000000000       0x38 ./Src/syscalls.o
 .text._close   0x0000000000000000       0x16 ./Src/syscalls.o
 .text._fstat   0x0000000000000000       0x1e ./Src/syscalls.o
 .text._isatty  0x0000000000000000       0x14 ./Src/syscalls.o
 .text._lseek   0x0000000000000000       0x18 ./Src/syscalls.o
 .text._open    0x0000000000000000       0x1a ./Src/syscalls.o
 .text._wait    0x0000000000000000       0x1e ./Src/syscalls.o
 .text._unlink  0x0000000000000000       0x1e ./Src/syscalls.o
 .text._times   0x0000000000000000       0x16 ./Src/syscalls.o
 .text._stat    0x0000000000000000       0x1e ./Src/syscalls.o
 .text._link    0x0000000000000000       0x20 ./Src/syscalls.o
 .text._fork    0x0000000000000000       0x16 ./Src/syscalls.o
 .text._execve  0x0000000000000000       0x22 ./Src/syscalls.o
 .debug_info    0x0000000000000000      0x771 ./Src/syscalls.o
 .debug_abbrev  0x0000000000000000      0x1b5 ./Src/syscalls.o
 .debug_loc     0x0000000000000000      0x5b8 ./Src/syscalls.o
 .debug_aranges
                0x0000000000000000       0xa8 ./Src/syscalls.o
 .debug_ranges  0x0000000000000000       0x98 ./Src/syscalls.o
 .debug_macro   0x0000000000000000      0x24c ./Src/syscalls.o
 .debug_macro   0x0000000000000000      0xa72 ./Src/syscalls.o
 .debug_macro   0x0000000000000000       0x22 ./Src/syscalls.o
 .debug_macro   0x0000000000000000       0x4c ./Src/syscalls.o
 .debug_macro   0x0000000000000000       0x18 ./Src/syscalls.o
 .debug_macro   0x0000000000000000       0x94 ./Src/syscalls.o
 .debug_macro   0x0000000000000000       0x3c ./Src/syscalls.o
 .debug_macro   0x0000000000000000       0x34 ./Src/syscalls.o
 .debug_macro   0x0000000000000000       0x57 ./Src/syscalls.o
 .debug_macro   0x0000000000000000      0x174 ./Src/syscalls.o
 .debug_macro   0x0000000000000000      0x341 ./Src/syscalls.o
 .debug_macro   0x0000000000000000       0x16 ./Src/syscalls.o
 .debug_macro   0x0000000000000000       0x43 ./Src/syscalls.o
 .debug_macro   0x0000000000000000       0x34 ./Src/syscalls.o
 .debug_macro   0x0000000000000000       0x10 ./Src/syscalls.o
 .debug_macro   0x0000000000000000       0x58 ./Src/syscalls.o
 .debug_macro   0x0000000000000000       0x71 ./Src/syscalls.o
 .debug_macro   0x0000000000000000       0x1c ./Src/syscalls.o
 .debug_macro   0x0000000000000000      0x12a ./Src/syscalls.o
 .debug_macro   0x0000000000000000       0x10 ./Src/syscalls.o
 .debug_macro   0x0000000000000000       0x35 ./Src/syscalls.o
 .debug_macro   0x0000000000000000       0x10 ./Src/syscalls.o
 .debug_macro   0x0000000000000000       0x10 ./Src/syscalls.o
 .debug_macro   0x0000000000000000       0x10 ./Src/syscalls.o
 .debug_macro   0x0000000000000000       0x6a ./Src/syscalls.o
 .debug_macro   0x0000000000000000       0x1c ./Src/syscalls.o
 .debug_macro   0x0000000000000000       0x52 ./Src/syscalls.o
 .debug_macro   0x0000000000000000       0x22 ./Src/syscalls.o
 .debug_macro   0x0000000000000000       0x10 ./Src/syscalls.o
 .debug_macro   0x0000000000000000       0x52 ./Src/syscalls.o
 .debug_macro   0x0000000000000000       0xd5 ./Src/syscalls.o
 .debug_macro   0x0000000000000000       0x1c ./Src/syscalls.o
 .debug_macro   0x0000000000000000       0x3d ./Src/syscalls.o
 .debug_macro   0x0000000000000000       0x35 ./Src/syscalls.o
 .debug_macro   0x0000000000000000      0x12c ./Src/syscalls.o
 .debug_macro   0x0000000000000000       0x16 ./Src/syscalls.o
 .debug_macro   0x0000000000000000       0x16 ./Src/syscalls.o
 .debug_macro   0x0000000000000000       0x29 ./Src/syscalls.o
 .debug_macro   0x0000000000000000       0x10 ./Src/syscalls.o
 .debug_macro   0x0000000000000000      0x241 ./Src/syscalls.o
 .debug_macro   0x0000000000000000       0x1c ./Src/syscalls.o
 .debug_macro   0x0000000000000000       0x10 ./Src/syscalls.o
 .debug_macro   0x0000000000000000       0x10 ./Src/syscalls.o
 .debug_macro   0x0000000000000000       0x16 ./Src/syscalls.o
 .debug_macro   0x0000000000000000      0x145 ./Src/syscalls.o
 .debug_macro   0x0000000000000000      0x189 ./Src/syscalls.o
 .debug_macro   0x0000000000000000       0x16 ./Src/syscalls.o
 .debug_macro   0x0000000000000000       0xce ./Src/syscalls.o
 .debug_line    0x0000000000000000      0x7f9 ./Src/syscalls.o
 .debug_str     0x0000000000000000     0x8a30 ./Src/syscalls.o
 .comment       0x0000000000000000       0x51 ./Src/syscalls.o
 .debug_frame   0x0000000000000000      0x2ac ./Src/syscalls.o
 .ARM.attributes
                0x0000000000000000       0x2d ./Src/syscalls.o
 .group         0x0000000000000000        0xc ./Src/sysmem.o
 .group         0x0000000000000000        0xc ./Src/sysmem.o
 .group         0x0000000000000000        0xc ./Src/sysmem.o
 .group         0x0000000000000000        0xc ./Src/sysmem.o
 .group         0x0000000000000000        0xc ./Src/sysmem.o
 .group         0x0000000000000000        0xc ./Src/sysmem.o
 .group         0x0000000000000000        0xc ./Src/sysmem.o
 .group         0x0000000000000000        0xc ./Src/sysmem.o
 .group         0x0000000000000000        0xc ./Src/sysmem.o
 .group         0x0000000000000000        0xc ./Src/sysmem.o
 .group         0x0000000000000000        0xc ./Src/sysmem.o
 .group         0x0000000000000000        0xc ./Src/sysmem.o
 .group         0x0000000000000000        0xc ./Src/sysmem.o
 .group         0x0000000000000000        0xc ./Src/sysmem.o
 .group         0x0000000000000000        0xc ./Src/sysmem.o
 .group         0x0000000000000000        0xc ./Src/sysmem.o
 .group         0x0000000000000000        0xc ./Src/sysmem.o
 .group         0x0000000000000000        0xc ./Src/sysmem.o
 .group         0x0000000000000000        0xc ./Src/sysmem.o
 .group         0x0000000000000000        0xc ./Src/sysmem.o
 .group         0x0000000000000000        0xc ./Src/sysmem.o
 .group         0x0000000000000000        0xc ./Src/sysmem.o
 .text          0x0000000000000000        0x0 ./Src/sysmem.o
 .data          0x0000000000000000        0x0 ./Src/sysmem.o
 .bss           0x0000000000000000        0x0 ./Src/sysmem.o
 .bss.__sbrk_heap_end
                0x0000000000000000        0x4 ./Src/sysmem.o
 .text._sbrk    0x0000000000000000       0x6c ./Src/sysmem.o
 .debug_info    0x0000000000000000      0x183 ./Src/sysmem.o
 .debug_abbrev  0x0000000000000000       0xbd ./Src/sysmem.o
 .debug_loc     0x0000000000000000       0x50 ./Src/sysmem.o
 .debug_aranges
                0x0000000000000000       0x20 ./Src/sysmem.o
 .debug_ranges  0x0000000000000000       0x10 ./Src/sysmem.o
 .debug_macro   0x0000000000000000       0xff ./Src/sysmem.o
 .debug_macro   0x0000000000000000      0xa72 ./Src/sysmem.o
 .debug_macro   0x0000000000000000       0x10 ./Src/sysmem.o
 .debug_macro   0x0000000000000000       0x22 ./Src/sysmem.o
 .debug_macro   0x0000000000000000       0x4c ./Src/sysmem.o
 .debug_macro   0x0000000000000000       0x18 ./Src/sysmem.o
 .debug_macro   0x0000000000000000       0x94 ./Src/sysmem.o
 .debug_macro   0x0000000000000000       0x3c ./Src/sysmem.o
 .debug_macro   0x0000000000000000       0x34 ./Src/sysmem.o
 .debug_macro   0x0000000000000000      0x174 ./Src/sysmem.o
 .debug_macro   0x0000000000000000       0x16 ./Src/sysmem.o
 .debug_macro   0x0000000000000000       0x43 ./Src/sysmem.o
 .debug_macro   0x0000000000000000       0x57 ./Src/sysmem.o
 .debug_macro   0x0000000000000000       0x34 ./Src/sysmem.o
 .debug_macro   0x0000000000000000       0x10 ./Src/sysmem.o
 .debug_macro   0x0000000000000000       0x58 ./Src/sysmem.o
 .debug_macro   0x0000000000000000       0x71 ./Src/sysmem.o
 .debug_macro   0x0000000000000000       0x1c ./Src/sysmem.o
 .debug_macro   0x0000000000000000      0x12a ./Src/sysmem.o
 .debug_macro   0x0000000000000000      0x23b ./Src/sysmem.o
 .debug_macro   0x0000000000000000      0x103 ./Src/sysmem.o
 .debug_macro   0x0000000000000000       0x6a ./Src/sysmem.o
 .debug_macro   0x0000000000000000      0x1df ./Src/sysmem.o
 .debug_line    0x0000000000000000      0x4ef ./Src/sysmem.o
 .debug_str     0x0000000000000000     0x5d6c ./Src/sysmem.o
 .comment       0x0000000000000000       0x51 ./Src/sysmem.o
 .debug_frame   0x0000000000000000       0x34 ./Src/sysmem.o
 .ARM.attributes
                0x0000000000000000       0x2d ./Src/sysmem.o
 .text          0x0000000000000000       0x14 ./Startup/startup_stm32f103c6tx.o
 .data          0x0000000000000000        0x0 ./Startup/startup_stm32f103c6tx.o
 .bss           0x0000000000000000        0x0 ./Startup/startup_stm32f103c6tx.o
 .group         0x0000000000000000        0xc ./stm32f103c6Drivers/stm32f103c6_EXTI_Driver.o
 .group         0x0000000000000000        0xc ./stm32f103c6Drivers/stm32f103c6_EXTI_Driver.o
 .group         0x0000000000000000        0xc ./stm32f103c6Drivers/stm32f103c6_EXTI_Driver.o
 .group         0x0000000000000000        0xc ./stm32f103c6Drivers/stm32f103c6_EXTI_Driver.o
 .group         0x0000000000000000        0xc ./stm32f103c6Drivers/stm32f103c6_EXTI_Driver.o
 .group         0x0000000000000000        0xc ./stm32f103c6Drivers/stm32f103c6_EXTI_Driver.o
 .group         0x0000000000000000        0xc ./stm32f103c6Drivers/stm32f103c6_EXTI_Driver.o
 .group         0x0000000000000000        0xc ./stm32f103c6Drivers/stm32f103c6_EXTI_Driver.o
 .group         0x0000000000000000        0xc ./stm32f103c6Drivers/stm32f103c6_EXTI_Driver.o
 .group         0x0000000000000000        0xc ./stm32f103c6Drivers/stm32f103c6_EXTI_Driver.o
 .group         0x0000000000000000        0xc ./stm32f103c6Drivers/stm32f103c6_EXTI_Driver.o
 .group         0x0000000000000000        0xc ./stm32f103c6Drivers/stm32f103c6_EXTI_Driver.o
 .group         0x0000000000000000        0xc ./stm32f103c6Drivers/stm32f103c6_EXTI_Driver.o
 .group         0x0000000000000000        0xc ./stm32f103c6Drivers/stm32f103c6_EXTI_Driver.o
 .group         0x0000000000000000        0xc ./stm32f103c6Drivers/stm32f103c6_EXTI_Driver.o
 .group         0x0000000000000000        0xc ./stm32f103c6Drivers/stm32f103c6_EXTI_Driver.o
 .group         0x0000000000000000        0xc ./stm32f103c6Drivers/stm32f103c6_EXTI_Driver.o
 .group         0x0000000000000000        0xc ./stm32f103c6Drivers/stm32f103c6_EXTI_Driver.o
 .group         0x0000000000000000        0xc ./stm32f103c6Drivers/stm32f103c6_EXTI_Driver.o
 .group         0x0000000000000000        0xc ./stm32f103c6Drivers/stm32f103c6_EXTI_Driver.o
 .group         0x0000000000000000        0xc ./stm32f103c6Drivers/stm32f103c6_EXTI_Driver.o
 .group         0x0000000000000000        0xc ./stm32f103c6Drivers/stm32f103c6_EXTI_Driver.o
 .group         0x0000000000000000        0xc ./stm32f103c6Drivers/stm32f103c6_EXTI_Driver.o
 .group         0x0000000000000000        0xc ./stm32f103c6Drivers/stm32f103c6_EXTI_Driver.o
 .group         0x0000000000000000        0xc ./stm32f103c6Drivers/stm32f103c6_EXTI_Driver.o
 .group         0x0000000000000000        0xc ./stm32f103c6Drivers/stm32f103c6_EXTI_Driver.o
 .group         0x0000000000000000        0xc ./stm32f103c6Drivers/stm32f103c6_EXTI_Driver.o
 .group         0x0000000000000000        0xc ./stm32f103c6Drivers/stm32f103c6_EXTI_Driver.o
 .text          0x0000000000000000        0x0 ./stm32f103c6Drivers/stm32f103c6_EXTI_Driver.o
 .data          0x0000000000000000        0x0 ./stm32f103c6Drivers/stm32f103c6_EXTI_Driver.o
 .bss           0x0000000000000000        0x0 ./stm32f103c6Drivers/stm32f103c6_EXTI_Driver.o
 .text.Enable_NVIC
                0x0000000000000000       0xcc ./stm32f103c6Drivers/stm32f103c6_EXTI_Driver.o
 .text.Disable_NVIC
                0x0000000000000000       0xcc ./stm32f103c6Drivers/stm32f103c6_EXTI_Driver.o
 .text.MCAL_EXTI_GPIO_INIT
                0x0000000000000000      0x1d8 ./stm32f103c6Drivers/stm32f103c6_EXTI_Driver.o
 .text.MCAL_EXTI_GPIO_DEINIT
                0x0000000000000000       0x94 ./stm32f103c6Drivers/stm32f103c6_EXTI_Driver.o
 .text.MCAL_EXTI_GPIO_UPDATE
                0x0000000000000000       0x16 ./stm32f103c6Drivers/stm32f103c6_EXTI_Driver.o
 .debug_macro   0x0000000000000000      0xa72 ./stm32f103c6Drivers/stm32f103c6_EXTI_Driver.o
 .debug_macro   0x0000000000000000       0x18 ./stm32f103c6Drivers/stm32f103c6_EXTI_Driver.o
 .debug_macro   0x0000000000000000       0x22 ./stm32f103c6Drivers/stm32f103c6_EXTI_Driver.o
 .debug_macro   0x0000000000000000       0x4c ./stm32f103c6Drivers/stm32f103c6_EXTI_Driver.o
 .debug_macro   0x0000000000000000       0x94 ./stm32f103c6Drivers/stm32f103c6_EXTI_Driver.o
 .debug_macro   0x0000000000000000       0x3c ./stm32f103c6Drivers/stm32f103c6_EXTI_Driver.o
 .debug_macro   0x0000000000000000       0x34 ./stm32f103c6Drivers/stm32f103c6_EXTI_Driver.o
 .debug_macro   0x0000000000000000       0x16 ./stm32f103c6Drivers/stm32f103c6_EXTI_Driver.o
 .debug_macro   0x0000000000000000      0x10e ./stm32f103c6Drivers/stm32f103c6_EXTI_Driver.o
 .debug_macro   0x0000000000000000       0x8d ./stm32f103c6Drivers/stm32f103c6_EXTI_Driver.o
 .debug_macro   0x0000000000000000       0x16 ./stm32f103c6Drivers/stm32f103c6_EXTI_Driver.o
 .debug_macro   0x0000000000000000       0x43 ./stm32f103c6Drivers/stm32f103c6_EXTI_Driver.o
 .debug_macro   0x0000000000000000       0x57 ./stm32f103c6Drivers/stm32f103c6_EXTI_Driver.o
 .debug_macro   0x0000000000000000       0x34 ./stm32f103c6Drivers/stm32f103c6_EXTI_Driver.o
 .debug_macro   0x0000000000000000       0x10 ./stm32f103c6Drivers/stm32f103c6_EXTI_Driver.o
 .debug_macro   0x0000000000000000       0x58 ./stm32f103c6Drivers/stm32f103c6_EXTI_Driver.o
 .debug_macro   0x0000000000000000       0x71 ./stm32f103c6Drivers/stm32f103c6_EXTI_Driver.o
 .debug_macro   0x0000000000000000       0x1c ./stm32f103c6Drivers/stm32f103c6_EXTI_Driver.o
 .debug_macro   0x0000000000000000      0x12a ./stm32f103c6Drivers/stm32f103c6_EXTI_Driver.o
 .debug_macro   0x0000000000000000      0x341 ./stm32f103c6Drivers/stm32f103c6_EXTI_Driver.o
 .debug_macro   0x0000000000000000       0x16 ./stm32f103c6Drivers/stm32f103c6_EXTI_Driver.o
 .debug_macro   0x0000000000000000       0x29 ./stm32f103c6Drivers/stm32f103c6_EXTI_Driver.o
 .debug_macro   0x0000000000000000      0x103 ./stm32f103c6Drivers/stm32f103c6_EXTI_Driver.o
 .debug_macro   0x0000000000000000       0x6a ./stm32f103c6Drivers/stm32f103c6_EXTI_Driver.o
 .debug_macro   0x0000000000000000      0x1df ./stm32f103c6Drivers/stm32f103c6_EXTI_Driver.o
 .debug_macro   0x0000000000000000      0x1b0 ./stm32f103c6Drivers/stm32f103c6_EXTI_Driver.o
 .debug_macro   0x0000000000000000      0x222 ./stm32f103c6Drivers/stm32f103c6_EXTI_Driver.o
 .group         0x0000000000000000        0xc ./stm32f103c6Drivers/stm32f103c6_GPIO_Driver.o
 .group         0x0000000000000000        0xc ./stm32f103c6Drivers/stm32f103c6_GPIO_Driver.o
 .group         0x0000000000000000        0xc ./stm32f103c6Drivers/stm32f103c6_GPIO_Driver.o
 .group         0x0000000000000000        0xc ./stm32f103c6Drivers/stm32f103c6_GPIO_Driver.o
 .group         0x0000000000000000        0xc ./stm32f103c6Drivers/stm32f103c6_GPIO_Driver.o
 .group         0x0000000000000000        0xc ./stm32f103c6Drivers/stm32f103c6_GPIO_Driver.o
 .group         0x0000000000000000        0xc ./stm32f103c6Drivers/stm32f103c6_GPIO_Driver.o
 .group         0x0000000000000000        0xc ./stm32f103c6Drivers/stm32f103c6_GPIO_Driver.o
 .group         0x0000000000000000        0xc ./stm32f103c6Drivers/stm32f103c6_GPIO_Driver.o
 .group         0x0000000000000000        0xc ./stm32f103c6Drivers/stm32f103c6_GPIO_Driver.o
 .group         0x0000000000000000        0xc ./stm32f103c6Drivers/stm32f103c6_GPIO_Driver.o
 .group         0x0000000000000000        0xc ./stm32f103c6Drivers/stm32f103c6_GPIO_Driver.o
 .group         0x0000000000000000        0xc ./stm32f103c6Drivers/stm32f103c6_GPIO_Driver.o
 .group         0x0000000000000000        0xc ./stm32f103c6Drivers/stm32f103c6_GPIO_Driver.o
 .group         0x0000000000000000        0xc ./stm32f103c6Drivers/stm32f103c6_GPIO_Driver.o
 .group         0x0000000000000000        0xc ./stm32f103c6Drivers/stm32f103c6_GPIO_Driver.o
 .group         0x0000000000000000        0xc ./stm32f103c6Drivers/stm32f103c6_GPIO_Driver.o
 .group         0x0000000000000000        0xc ./stm32f103c6Drivers/stm32f103c6_GPIO_Driver.o
 .group         0x0000000000000000        0xc ./stm32f103c6Drivers/stm32f103c6_GPIO_Driver.o
 .group         0x0000000000000000        0xc ./stm32f103c6Drivers/stm32f103c6_GPIO_Driver.o
 .group         0x0000000000000000        0xc ./stm32f103c6Drivers/stm32f103c6_GPIO_Driver.o
 .group         0x0000000000000000        0xc ./stm32f103c6Drivers/stm32f103c6_GPIO_Driver.o
 .group         0x0000000000000000        0xc ./stm32f103c6Drivers/stm32f103c6_GPIO_Driver.o
 .group         0x0000000000000000        0xc ./stm32f103c6Drivers/stm32f103c6_GPIO_Driver.o
 .group         0x0000000000000000        0xc ./stm32f103c6Drivers/stm32f103c6_GPIO_Driver.o
 .group         0x0000000000000000        0xc ./stm32f103c6Drivers/stm32f103c6_GPIO_Driver.o
 .group         0x0000000000000000        0xc ./stm32f103c6Drivers/stm32f103c6_GPIO_Driver.o
 .text          0x0000000000000000        0x0 ./stm32f103c6Drivers/stm32f103c6_GPIO_Driver.o
 .data          0x0000000000000000        0x0 ./stm32f103c6Drivers/stm32f103c6_GPIO_Driver.o
 .bss           0x0000000000000000        0x0 ./stm32f103c6Drivers/stm32f103c6_GPIO_Driver.o
 .text.Get_CRLH_Position
                0x0000000000000000      0x170 ./stm32f103c6Drivers/stm32f103c6_GPIO_Driver.o
 .text.MCAL_GPIO_Init
                0x0000000000000000       0xfe ./stm32f103c6Drivers/stm32f103c6_GPIO_Driver.o
 .text.MCAL_GPIO_DeInit
                0x0000000000000000       0xd4 ./stm32f103c6Drivers/stm32f103c6_GPIO_Driver.o
 .text.MCAL_GPIO_ReadPin
                0x0000000000000000       0x2e ./stm32f103c6Drivers/stm32f103c6_GPIO_Driver.o
 .text.MCAL_GPIO_ReadPort
                0x0000000000000000       0x1a ./stm32f103c6Drivers/stm32f103c6_GPIO_Driver.o
 .text.MCAL_GPIO_WritePin
                0x0000000000000000       0x2e ./stm32f103c6Drivers/stm32f103c6_GPIO_Driver.o
 .text.MCAL_GPIO_WritePort
                0x0000000000000000       0x1c ./stm32f103c6Drivers/stm32f103c6_GPIO_Driver.o
 .text.MCAL_GPIO_TogglePin
                0x0000000000000000       0x22 ./stm32f103c6Drivers/stm32f103c6_GPIO_Driver.o
 .text.MCAL_GPIO_LockPin
                0x0000000000000000       0x4e ./stm32f103c6Drivers/stm32f103c6_GPIO_Driver.o
 .debug_info    0x0000000000000000      0x490 ./stm32f103c6Drivers/stm32f103c6_GPIO_Driver.o
 .debug_abbrev  0x0000000000000000      0x16f ./stm32f103c6Drivers/stm32f103c6_GPIO_Driver.o
 .debug_loc     0x0000000000000000      0x330 ./stm32f103c6Drivers/stm32f103c6_GPIO_Driver.o
 .debug_aranges
                0x0000000000000000       0x60 ./stm32f103c6Drivers/stm32f103c6_GPIO_Driver.o
 .debug_ranges  0x0000000000000000       0x50 ./stm32f103c6Drivers/stm32f103c6_GPIO_Driver.o
 .debug_macro   0x0000000000000000      0x14c ./stm32f103c6Drivers/stm32f103c6_GPIO_Driver.o
 .debug_macro   0x0000000000000000      0xa72 ./stm32f103c6Drivers/stm32f103c6_GPIO_Driver.o
 .debug_macro   0x0000000000000000       0x18 ./stm32f103c6Drivers/stm32f103c6_GPIO_Driver.o
 .debug_macro   0x0000000000000000       0x22 ./stm32f103c6Drivers/stm32f103c6_GPIO_Driver.o
 .debug_macro   0x0000000000000000       0x4c ./stm32f103c6Drivers/stm32f103c6_GPIO_Driver.o
 .debug_macro   0x0000000000000000       0x94 ./stm32f103c6Drivers/stm32f103c6_GPIO_Driver.o
 .debug_macro   0x0000000000000000       0x3c ./stm32f103c6Drivers/stm32f103c6_GPIO_Driver.o
 .debug_macro   0x0000000000000000       0x34 ./stm32f103c6Drivers/stm32f103c6_GPIO_Driver.o
 .debug_macro   0x0000000000000000       0x16 ./stm32f103c6Drivers/stm32f103c6_GPIO_Driver.o
 .debug_macro   0x0000000000000000      0x10e ./stm32f103c6Drivers/stm32f103c6_GPIO_Driver.o
 .debug_macro   0x0000000000000000       0x8d ./stm32f103c6Drivers/stm32f103c6_GPIO_Driver.o
 .debug_macro   0x0000000000000000       0x16 ./stm32f103c6Drivers/stm32f103c6_GPIO_Driver.o
 .debug_macro   0x0000000000000000       0x43 ./stm32f103c6Drivers/stm32f103c6_GPIO_Driver.o
 .debug_macro   0x0000000000000000       0x57 ./stm32f103c6Drivers/stm32f103c6_GPIO_Driver.o
 .debug_macro   0x0000000000000000       0x34 ./stm32f103c6Drivers/stm32f103c6_GPIO_Driver.o
 .debug_macro   0x0000000000000000       0x10 ./stm32f103c6Drivers/stm32f103c6_GPIO_Driver.o
 .debug_macro   0x0000000000000000       0x58 ./stm32f103c6Drivers/stm32f103c6_GPIO_Driver.o
 .debug_macro   0x0000000000000000       0x71 ./stm32f103c6Drivers/stm32f103c6_GPIO_Driver.o
 .debug_macro   0x0000000000000000       0x1c ./stm32f103c6Drivers/stm32f103c6_GPIO_Driver.o
 .debug_macro   0x0000000000000000      0x12a ./stm32f103c6Drivers/stm32f103c6_GPIO_Driver.o
 .debug_macro   0x0000000000000000      0x341 ./stm32f103c6Drivers/stm32f103c6_GPIO_Driver.o
 .debug_macro   0x0000000000000000       0x16 ./stm32f103c6Drivers/stm32f103c6_GPIO_Driver.o
 .debug_macro   0x0000000000000000       0x29 ./stm32f103c6Drivers/stm32f103c6_GPIO_Driver.o
 .debug_macro   0x0000000000000000      0x103 ./stm32f103c6Drivers/stm32f103c6_GPIO_Driver.o
 .debug_macro   0x0000000000000000       0x6a ./stm32f103c6Drivers/stm32f103c6_GPIO_Driver.o
 .debug_macro   0x0000000000000000      0x1df ./stm32f103c6Drivers/stm32f103c6_GPIO_Driver.o
 .debug_macro   0x0000000000000000      0x1b0 ./stm32f103c6Drivers/stm32f103c6_GPIO_Driver.o
 .debug_macro   0x0000000000000000       0xd0 ./stm32f103c6Drivers/stm32f103c6_GPIO_Driver.o
 .debug_line    0x0000000000000000      0x79d ./stm32f103c6Drivers/stm32f103c6_GPIO_Driver.o
 .debug_str     0x0000000000000000     0x7c63 ./stm32f103c6Drivers/stm32f103c6_GPIO_Driver.o
 .comment       0x0000000000000000       0x51 ./stm32f103c6Drivers/stm32f103c6_GPIO_Driver.o
 .debug_frame   0x0000000000000000      0x178 ./stm32f103c6Drivers/stm32f103c6_GPIO_Driver.o
 .ARM.attributes
                0x0000000000000000       0x2d ./stm32f103c6Drivers/stm32f103c6_GPIO_Driver.o
 .text          0x0000000000000000        0x0 c:/st/stm32cubeide_1.12.1/stm32cubeide/plugins/com.st.stm32cube.ide.mcu.externaltools.gnu-tools-for-stm32.10.3-2021.10.win32_1.0.200.202301161003/tools/bin/../lib/gcc/arm-none-eabi/10.3.1/../../../../arm-none-eabi/lib/thumb/v7-m/nofp\libc_nano.a(lib_a-errno.o)
 .data          0x0000000000000000        0x0 c:/st/stm32cubeide_1.12.1/stm32cubeide/plugins/com.st.stm32cube.ide.mcu.externaltools.gnu-tools-for-stm32.10.3-2021.10.win32_1.0.200.202301161003/tools/bin/../lib/gcc/arm-none-eabi/10.3.1/../../../../arm-none-eabi/lib/thumb/v7-m/nofp\libc_nano.a(lib_a-errno.o)
 .bss           0x0000000000000000        0x0 c:/st/stm32cubeide_1.12.1/stm32cubeide/plugins/com.st.stm32cube.ide.mcu.externaltools.gnu-tools-for-stm32.10.3-2021.10.win32_1.0.200.202301161003/tools/bin/../lib/gcc/arm-none-eabi/10.3.1/../../../../arm-none-eabi/lib/thumb/v7-m/nofp\libc_nano.a(lib_a-errno.o)
 .text.__errno  0x0000000000000000        0xc c:/st/stm32cubeide_1.12.1/stm32cubeide/plugins/com.st.stm32cube.ide.mcu.externaltools.gnu-tools-for-stm32.10.3-2021.10.win32_1.0.200.202301161003/tools/bin/../lib/gcc/arm-none-eabi/10.3.1/../../../../arm-none-eabi/lib/thumb/v7-m/nofp\libc_nano.a(lib_a-errno.o)
 .debug_frame   0x0000000000000000       0x20 c:/st/stm32cubeide_1.12.1/stm32cubeide/plugins/com.st.stm32cube.ide.mcu.externaltools.gnu-tools-for-stm32.10.3-2021.10.win32_1.0.200.202301161003/tools/bin/../lib/gcc/arm-none-eabi/10.3.1/../../../../arm-none-eabi/lib/thumb/v7-m/nofp\libc_nano.a(lib_a-errno.o)
 .ARM.attributes
                0x0000000000000000       0x2d c:/st/stm32cubeide_1.12.1/stm32cubeide/plugins/com.st.stm32cube.ide.mcu.externaltools.gnu-tools-for-stm32.10.3-2021.10.win32_1.0.200.202301161003/tools/bin/../lib/gcc/arm-none-eabi/10.3.1/../../../../arm-none-eabi/lib/thumb/v7-m/nofp\libc_nano.a(lib_a-errno.o)
 .text          0x0000000000000000        0x0 c:/st/stm32cubeide_1.12.1/stm32cubeide/plugins/com.st.stm32cube.ide.mcu.externaltools.gnu-tools-for-stm32.10.3-2021.10.win32_1.0.200.202301161003/tools/bin/../lib/gcc/arm-none-eabi/10.3.1/../../../../arm-none-eabi/lib/thumb/v7-m/nofp\libc_nano.a(lib_a-exit.o)
 .data          0x0000000000000000        0x0 c:/st/stm32cubeide_1.12.1/stm32cubeide/plugins/com.st.stm32cube.ide.mcu.externaltools.gnu-tools-for-stm32.10.3-2021.10.win32_1.0.200.202301161003/tools/bin/../lib/gcc/arm-none-eabi/10.3.1/../../../../arm-none-eabi/lib/thumb/v7-m/nofp\libc_nano.a(lib_a-exit.o)
 .bss           0x0000000000000000        0x0 c:/st/stm32cubeide_1.12.1/stm32cubeide/plugins/com.st.stm32cube.ide.mcu.externaltools.gnu-tools-for-stm32.10.3-2021.10.win32_1.0.200.202301161003/tools/bin/../lib/gcc/arm-none-eabi/10.3.1/../../../../arm-none-eabi/lib/thumb/v7-m/nofp\libc_nano.a(lib_a-exit.o)
 .text.exit     0x0000000000000000       0x28 c:/st/stm32cubeide_1.12.1/stm32cubeide/plugins/com.st.stm32cube.ide.mcu.externaltools.gnu-tools-for-stm32.10.3-2021.10.win32_1.0.200.202301161003/tools/bin/../lib/gcc/arm-none-eabi/10.3.1/../../../../arm-none-eabi/lib/thumb/v7-m/nofp\libc_nano.a(lib_a-exit.o)
 .debug_frame   0x0000000000000000       0x28 c:/st/stm32cubeide_1.12.1/stm32cubeide/plugins/com.st.stm32cube.ide.mcu.externaltools.gnu-tools-for-stm32.10.3-2021.10.win32_1.0.200.202301161003/tools/bin/../lib/gcc/arm-none-eabi/10.3.1/../../../../arm-none-eabi/lib/thumb/v7-m/nofp\libc_nano.a(lib_a-exit.o)
 .ARM.attributes
                0x0000000000000000       0x2d c:/st/stm32cubeide_1.12.1/stm32cubeide/plugins/com.st.stm32cube.ide.mcu.externaltools.gnu-tools-for-stm32.10.3-2021.10.win32_1.0.200.202301161003/tools/bin/../lib/gcc/arm-none-eabi/10.3.1/../../../../arm-none-eabi/lib/thumb/v7-m/nofp\libc_nano.a(lib_a-exit.o)
 .text          0x0000000000000000        0x0 c:/st/stm32cubeide_1.12.1/stm32cubeide/plugins/com.st.stm32cube.ide.mcu.externaltools.gnu-tools-for-stm32.10.3-2021.10.win32_1.0.200.202301161003/tools/bin/../lib/gcc/arm-none-eabi/10.3.1/../../../../arm-none-eabi/lib/thumb/v7-m/nofp\libc_nano.a(lib_a-impure.o)
 .data          0x0000000000000000        0x0 c:/st/stm32cubeide_1.12.1/stm32cubeide/plugins/com.st.stm32cube.ide.mcu.externaltools.gnu-tools-for-stm32.10.3-2021.10.win32_1.0.200.202301161003/tools/bin/../lib/gcc/arm-none-eabi/10.3.1/../../../../arm-none-eabi/lib/thumb/v7-m/nofp\libc_nano.a(lib_a-impure.o)
 .bss           0x0000000000000000        0x0 c:/st/stm32cubeide_1.12.1/stm32cubeide/plugins/com.st.stm32cube.ide.mcu.externaltools.gnu-tools-for-stm32.10.3-2021.10.win32_1.0.200.202301161003/tools/bin/../lib/gcc/arm-none-eabi/10.3.1/../../../../arm-none-eabi/lib/thumb/v7-m/nofp\libc_nano.a(lib_a-impure.o)
 .data._impure_ptr
                0x0000000000000000        0x4 c:/st/stm32cubeide_1.12.1/stm32cubeide/plugins/com.st.stm32cube.ide.mcu.externaltools.gnu-tools-for-stm32.10.3-2021.10.win32_1.0.200.202301161003/tools/bin/../lib/gcc/arm-none-eabi/10.3.1/../../../../arm-none-eabi/lib/thumb/v7-m/nofp\libc_nano.a(lib_a-impure.o)
 .data.impure_data
                0x0000000000000000       0x60 c:/st/stm32cubeide_1.12.1/stm32cubeide/plugins/com.st.stm32cube.ide.mcu.externaltools.gnu-tools-for-stm32.10.3-2021.10.win32_1.0.200.202301161003/tools/bin/../lib/gcc/arm-none-eabi/10.3.1/../../../../arm-none-eabi/lib/thumb/v7-m/nofp\libc_nano.a(lib_a-impure.o)
 .rodata._global_impure_ptr
                0x0000000000000000        0x4 c:/st/stm32cubeide_1.12.1/stm32cubeide/plugins/com.st.stm32cube.ide.mcu.externaltools.gnu-tools-for-stm32.10.3-2021.10.win32_1.0.200.202301161003/tools/bin/../lib/gcc/arm-none-eabi/10.3.1/../../../../arm-none-eabi/lib/thumb/v7-m/nofp\libc_nano.a(lib_a-impure.o)
 .ARM.attributes
                0x0000000000000000       0x2d c:/st/stm32cubeide_1.12.1/stm32cubeide/plugins/com.st.stm32cube.ide.mcu.externaltools.gnu-tools-for-stm32.10.3-2021.10.win32_1.0.200.202301161003/tools/bin/../lib/gcc/arm-none-eabi/10.3.1/../../../../arm-none-eabi/lib/thumb/v7-m/nofp\libc_nano.a(lib_a-impure.o)
 .text          0x0000000000000000        0x0 c:/st/stm32cubeide_1.12.1/stm32cubeide/plugins/com.st.stm32cube.ide.mcu.externaltools.gnu-tools-for-stm32.10.3-2021.10.win32_1.0.200.202301161003/tools/bin/../lib/gcc/arm-none-eabi/10.3.1/../../../../arm-none-eabi/lib/thumb/v7-m/nofp\libc_nano.a(lib_a-init.o)
 .data          0x0000000000000000        0x0 c:/st/stm32cubeide_1.12.1/stm32cubeide/plugins/com.st.stm32cube.ide.mcu.externaltools.gnu-tools-for-stm32.10.3-2021.10.win32_1.0.200.202301161003/tools/bin/../lib/gcc/arm-none-eabi/10.3.1/../../../../arm-none-eabi/lib/thumb/v7-m/nofp\libc_nano.a(lib_a-init.o)
 .bss           0x0000000000000000        0x0 c:/st/stm32cubeide_1.12.1/stm32cubeide/plugins/com.st.stm32cube.ide.mcu.externaltools.gnu-tools-for-stm32.10.3-2021.10.win32_1.0.200.202301161003/tools/bin/../lib/gcc/arm-none-eabi/10.3.1/../../../../arm-none-eabi/lib/thumb/v7-m/nofp\libc_nano.a(lib_a-init.o)
 .text          0x0000000000000000        0x0 c:/st/stm32cubeide_1.12.1/stm32cubeide/plugins/com.st.stm32cube.ide.mcu.externaltools.gnu-tools-for-stm32.10.3-2021.10.win32_1.0.200.202301161003/tools/bin/../lib/gcc/arm-none-eabi/10.3.1/../../../../arm-none-eabi/lib/thumb/v7-m/nofp\libc_nano.a(lib_a-memset.o)
 .data          0x0000000000000000        0x0 c:/st/stm32cubeide_1.12.1/stm32cubeide/plugins/com.st.stm32cube.ide.mcu.externaltools.gnu-tools-for-stm32.10.3-2021.10.win32_1.0.200.202301161003/tools/bin/../lib/gcc/arm-none-eabi/10.3.1/../../../../arm-none-eabi/lib/thumb/v7-m/nofp\libc_nano.a(lib_a-memset.o)
 .bss           0x0000000000000000        0x0 c:/st/stm32cubeide_1.12.1/stm32cubeide/plugins/com.st.stm32cube.ide.mcu.externaltools.gnu-tools-for-stm32.10.3-2021.10.win32_1.0.200.202301161003/tools/bin/../lib/gcc/arm-none-eabi/10.3.1/../../../../arm-none-eabi/lib/thumb/v7-m/nofp\libc_nano.a(lib_a-memset.o)
 .text.memset   0x0000000000000000       0x10 c:/st/stm32cubeide_1.12.1/stm32cubeide/plugins/com.st.stm32cube.ide.mcu.externaltools.gnu-tools-for-stm32.10.3-2021.10.win32_1.0.200.202301161003/tools/bin/../lib/gcc/arm-none-eabi/10.3.1/../../../../arm-none-eabi/lib/thumb/v7-m/nofp\libc_nano.a(lib_a-memset.o)
 .debug_frame   0x0000000000000000       0x20 c:/st/stm32cubeide_1.12.1/stm32cubeide/plugins/com.st.stm32cube.ide.mcu.externaltools.gnu-tools-for-stm32.10.3-2021.10.win32_1.0.200.202301161003/tools/bin/../lib/gcc/arm-none-eabi/10.3.1/../../../../arm-none-eabi/lib/thumb/v7-m/nofp\libc_nano.a(lib_a-memset.o)
 .ARM.attributes
                0x0000000000000000       0x2d c:/st/stm32cubeide_1.12.1/stm32cubeide/plugins/com.st.stm32cube.ide.mcu.externaltools.gnu-tools-for-stm32.10.3-2021.10.win32_1.0.200.202301161003/tools/bin/../lib/gcc/arm-none-eabi/10.3.1/../../../../arm-none-eabi/lib/thumb/v7-m/nofp\libc_nano.a(lib_a-memset.o)
 .text          0x0000000000000000        0x0 c:/st/stm32cubeide_1.12.1/stm32cubeide/plugins/com.st.stm32cube.ide.mcu.externaltools.gnu-tools-for-stm32.10.3-2021.10.win32_1.0.200.202301161003/tools/bin/../lib/gcc/arm-none-eabi/10.3.1/thumb/v7-m/nofp/crtend.o
 .data          0x0000000000000000        0x0 c:/st/stm32cubeide_1.12.1/stm32cubeide/plugins/com.st.stm32cube.ide.mcu.externaltools.gnu-tools-for-stm32.10.3-2021.10.win32_1.0.200.202301161003/tools/bin/../lib/gcc/arm-none-eabi/10.3.1/thumb/v7-m/nofp/crtend.o
 .bss           0x0000000000000000        0x0 c:/st/stm32cubeide_1.12.1/stm32cubeide/plugins/com.st.stm32cube.ide.mcu.externaltools.gnu-tools-for-stm32.10.3-2021.10.win32_1.0.200.202301161003/tools/bin/../lib/gcc/arm-none-eabi/10.3.1/thumb/v7-m/nofp/crtend.o
 .rodata        0x0000000000000000       0x24 c:/st/stm32cubeide_1.12.1/stm32cubeide/plugins/com.st.stm32cube.ide.mcu.externaltools.gnu-tools-for-stm32.10.3-2021.10.win32_1.0.200.202301161003/tools/bin/../lib/gcc/arm-none-eabi/10.3.1/thumb/v7-m/nofp/crtend.o
 .eh_frame      0x0000000000000000        0x4 c:/st/stm32cubeide_1.12.1/stm32cubeide/plugins/com.st.stm32cube.ide.mcu.externaltools.gnu-tools-for-stm32.10.3-2021.10.win32_1.0.200.202301161003/tools/bin/../lib/gcc/arm-none-eabi/10.3.1/thumb/v7-m/nofp/crtend.o
 .ARM.attributes
                0x0000000000000000       0x2d c:/st/stm32cubeide_1.12.1/stm32cubeide/plugins/com.st.stm32cube.ide.mcu.externaltools.gnu-tools-for-stm32.10.3-2021.10.win32_1.0.200.202301161003/tools/bin/../lib/gcc/arm-none-eabi/10.3.1/thumb/v7-m/nofp/crtend.o
 .text          0x0000000000000000        0x0 c:/st/stm32cubeide_1.12.1/stm32cubeide/plugins/com.st.stm32cube.ide.mcu.externaltools.gnu-tools-for-stm32.10.3-2021.10.win32_1.0.200.202301161003/tools/bin/../lib/gcc/arm-none-eabi/10.3.1/thumb/v7-m/nofp/crtn.o
 .data          0x0000000000000000        0x0 c:/st/stm32cubeide_1.12.1/stm32cubeide/plugins/com.st.stm32cube.ide.mcu.externaltools.gnu-tools-for-stm32.10.3-2021.10.win32_1.0.200.202301161003/tools/bin/../lib/gcc/arm-none-eabi/10.3.1/thumb/v7-m/nofp/crtn.o
 .bss           0x0000000000000000        0x0 c:/st/stm32cubeide_1.12.1/stm32cubeide/plugins/com.st.stm32cube.ide.mcu.externaltools.gnu-tools-for-stm32.10.3-2021.10.win32_1.0.200.202301161003/tools/bin/../lib/gcc/arm-none-eabi/10.3.1/thumb/v7-m/nofp/crtn.o

Memory Configuration

Name             Origin             Length             Attributes
RAM              0x0000000020000000 0x0000000000002800 xrw
FLASH            0x0000000008000000 0x0000000000008000 xr
*default*        0x0000000000000000 0xffffffffffffffff

Linker script and memory map

LOAD c:/st/stm32cubeide_1.12.1/stm32cubeide/plugins/com.st.stm32cube.ide.mcu.externaltools.gnu-tools-for-stm32.10.3-2021.10.win32_1.0.200.202301161003/tools/bin/../lib/gcc/arm-none-eabi/10.3.1/thumb/v7-m/nofp/crti.o
LOAD c:/st/stm32cubeide_1.12.1/stm32cubeide/plugins/com.st.stm32cube.ide.mcu.externaltools.gnu-tools-for-stm32.10.3-2021.10.win32_1.0.200.202301161003/tools/bin/../lib/gcc/arm-none-eabi/10.3.1/thumb/v7-m/nofp/crtbegin.o
LOAD c:/st/stm32cubeide_1.12.1/stm32cubeide/plugins/com.st.stm32cube.ide.mcu.externaltools.gnu-tools-for-stm32.10.3-2021.10.win32_1.0.200.202301161003/tools/bin/../lib/gcc/arm-none-eabi/10.3.1/../../../../arm-none-eabi/lib/thumb/v7-m/nofp/crt0.o
LOAD ./HAL/keypad.o
LOAD ./HAL/lcd.o
LOAD ./Src/main.o
LOAD ./Src/syscalls.o
LOAD ./Src/sysmem.o
LOAD ./Startup/startup_stm32f103c6tx.o
LOAD ./stm32f103c6Drivers/stm32f103c6_EXTI_Driver.o
LOAD ./stm32f103c6Drivers/stm32f103c6_GPIO_Driver.o
START GROUP
LOAD c:/st/stm32cubeide_1.12.1/stm32cubeide/plugins/com.st.stm32cube.ide.mcu.externaltools.gnu-tools-for-stm32.10.3-2021.10.win32_1.0.200.202301161003/tools/bin/../lib/gcc/arm-none-eabi/10.3.1/../../../../arm-none-eabi/lib/thumb/v7-m/nofp\libc_nano.a
LOAD c:/st/stm32cubeide_1.12.1/stm32cubeide/plugins/com.st.stm32cube.ide.mcu.externaltools.gnu-tools-for-stm32.10.3-2021.10.win32_1.0.200.202301161003/tools/bin/../lib/gcc/arm-none-eabi/10.3.1/../../../../arm-none-eabi/lib/thumb/v7-m/nofp\libm.a
END GROUP
START GROUP
LOAD c:/st/stm32cubeide_1.12.1/stm32cubeide/plugins/com.st.stm32cube.ide.mcu.externaltools.gnu-tools-for-stm32.10.3-2021.10.win32_1.0.200.202301161003/tools/bin/../lib/gcc/arm-none-eabi/10.3.1/thumb/v7-m/nofp\libgcc.a
LOAD c:/st/stm32cubeide_1.12.1/stm32cubeide/plugins/com.st.stm32cube.ide.mcu.externaltools.gnu-tools-for-stm32.10.3-2021.10.win32_1.0.200.202301161003/tools/bin/../lib/gcc/arm-none-eabi/10.3.1/../../../../arm-none-eabi/lib/thumb/v7-m/nofp\libg_nano.a
LOAD c:/st/stm32cubeide_1.12.1/stm32cubeide/plugins/com.st.stm32cube.ide.mcu.externaltools.gnu-tools-for-stm32.10.3-2021.10.win32_1.0.200.202301161003/tools/bin/../lib/gcc/arm-none-eabi/10.3.1/../../../../arm-none-eabi/lib/thumb/v7-m/nofp\libc_nano.a
END GROUP
START GROUP
LOAD c:/st/stm32cubeide_1.12.1/stm32cubeide/plugins/com.st.stm32cube.ide.mcu.externaltools.gnu-tools-for-stm32.10.3-2021.10.win32_1.0.200.202301161003/tools/bin/../lib/gcc/arm-none-eabi/10.3.1/thumb/v7-m/nofp\libgcc.a
LOAD c:/st/stm32cubeide_1.12.1/stm32cubeide/plugins/com.st.stm32cube.ide.mcu.externaltools.gnu-tools-for-stm32.10.3-2021.10.win32_1.0.200.202301161003/tools/bin/../lib/gcc/arm-none-eabi/10.3.1/../../../../arm-none-eabi/lib/thumb/v7-m/nofp\libc_nano.a
LOAD c:/st/stm32cubeide_1.12.1/stm32cubeide/plugins/com.st.stm32cube.ide.mcu.externaltools.gnu-tools-for-stm32.10.3-2021.10.win32_1.0.200.202301161003/tools/bin/../lib/gcc/arm-none-eabi/10.3.1/../../../../arm-none-eabi/lib/thumb/v7-m/nofp\libnosys.a
END GROUP
START GROUP
LOAD c:/st/stm32cubeide_1.12.1/stm32cubeide/plugins/com.st.stm32cube.ide.mcu.externaltools.gnu-tools-for-stm32.10.3-2021.10.win32_1.0.200.202301161003/tools/bin/../lib/gcc/arm-none-eabi/10.3.1/thumb/v7-m/nofp\libgcc.a
LOAD c:/st/stm32cubeide_1.12.1/stm32cubeide/plugins/com.st.stm32cube.ide.mcu.externaltools.gnu-tools-for-stm32.10.3-2021.10.win32_1.0.200.202301161003/tools/bin/../lib/gcc/arm-none-eabi/10.3.1/../../../../arm-none-eabi/lib/thumb/v7-m/nofp\libc_nano.a
LOAD c:/st/stm32cubeide_1.12.1/stm32cubeide/plugins/com.st.stm32cube.ide.mcu.externaltools.gnu-tools-for-stm32.10.3-2021.10.win32_1.0.200.202301161003/tools/bin/../lib/gcc/arm-none-eabi/10.3.1/../../../../arm-none-eabi/lib/thumb/v7-m/nofp\libnosys.a
END GROUP
LOAD c:/st/stm32cubeide_1.12.1/stm32cubeide/plugins/com.st.stm32cube.ide.mcu.externaltools.gnu-tools-for-stm32.10.3-2021.10.win32_1.0.200.202301161003/tools/bin/../lib/gcc/arm-none-eabi/10.3.1/thumb/v7-m/nofp/crtend.o
LOAD c:/st/stm32cubeide_1.12.1/stm32cubeide/plugins/com.st.stm32cube.ide.mcu.externaltools.gnu-tools-for-stm32.10.3-2021.10.win32_1.0.200.202301161003/tools/bin/../lib/gcc/arm-none-eabi/10.3.1/thumb/v7-m/nofp/crtn.o
                0x0000000020002800                _estack = (ORIGIN (RAM) + LENGTH (RAM))
                0x0000000000000200                _Min_Heap_Size = 0x200
                0x0000000000000400                _Min_Stack_Size = 0x400

.isr_vector     0x0000000008000000      0x130
                0x0000000008000000                . = ALIGN (0x4)
 *(.isr_vector)
 .isr_vector    0x0000000008000000      0x130 ./Startup/startup_stm32f103c6tx.o
                0x0000000008000000                g_pfnVectors
                0x0000000008000130                . = ALIGN (0x4)

.text           0x0000000008000130      0x31c
                0x0000000008000130                . = ALIGN (0x4)
 *(.text)
 .text          0x0000000008000130       0x40 c:/st/stm32cubeide_1.12.1/stm32cubeide/plugins/com.st.stm32cube.ide.mcu.externaltools.gnu-tools-for-stm32.10.3-2021.10.win32_1.0.200.202301161003/tools/bin/../lib/gcc/arm-none-eabi/10.3.1/thumb/v7-m/nofp/crtbegin.o
 *(.text*)
 .text.main     0x0000000008000170        0x6 ./Src/main.o
                0x0000000008000170                main
 *fill*         0x0000000008000176        0x2 
 .text.Reset_Handler
                0x0000000008000178       0x50 ./Startup/startup_stm32f103c6tx.o
                0x0000000008000178                Reset_Handler
 .text.Default_Handler
                0x00000000080001c8        0x2 ./Startup/startup_stm32f103c6tx.o
                0x00000000080001c8                TIM8_TRG_COM_IRQHandler
                0x00000000080001c8                TIM8_CC_IRQHandler
                0x00000000080001c8                DebugMon_Handler
                0x00000000080001c8                TIM1_CC_IRQHandler
                0x00000000080001c8                HardFault_Handler
                0x00000000080001c8                TIM6_IRQHandler
                0x00000000080001c8                SysTick_Handler
                0x00000000080001c8                PVD_IRQHandler
                0x00000000080001c8                SDIO_IRQHandler
                0x00000000080001c8                PendSV_Handler
                0x00000000080001c8                NMI_Handler
                0x00000000080001c8                USB_HP_CAN_TX_IRQHandler
                0x00000000080001c8                I2C2_EV_IRQHandler
                0x00000000080001c8                UsageFault_Handler
                0x00000000080001c8                ADC1_2_IRQHandler
                0x00000000080001c8                SPI1_IRQHandler
                0x00000000080001c8                CAN_SCE_IRQHandler
                0x00000000080001c8                TAMPER_IRQHandler
                0x00000000080001c8                TIM8_UP_IRQHandler
                0x00000000080001c8                DMA2_Channel2_IRQHandler
                0x00000000080001c8                DMA1_Channel4_IRQHandler
                0x00000000080001c8                USART3_IRQHandler
                0x00000000080001c8                RTC_IRQHandler
                0x00000000080001c8                DMA1_Channel7_IRQHandler
                0x00000000080001c8                UART5_IRQHandler
                0x00000000080001c8                ADC3_IRQHandler
                0x00000000080001c8                TIM4_IRQHandler
                0x00000000080001c8                CAN_RX1_IRQHandler
                0x00000000080001c8                DMA2_Channel1_IRQHandler
                0x00000000080001c8                I2C1_EV_IRQHandler
                0x00000000080001c8                DMA1_Channel6_IRQHandler
                0x00000000080001c8                UART4_IRQHandler
                0x00000000080001c8                TIM3_IRQHandler
                0x00000000080001c8                RCC_IRQHandler
                0x00000000080001c8                TIM1_TRG_COM_IRQHandler
                0x00000000080001c8                DMA1_Channel1_IRQHandler
                0x00000000080001c8                Default_Handler
                0x00000000080001c8                TIM7_IRQHandler
                0x00000000080001c8                TIM5_IRQHandler
                0x00000000080001c8                SPI2_IRQHandler
                0x00000000080001c8                USB_LP_CAN_RX0_IRQHandler
                0x00000000080001c8                MemManage_Handler
                0x00000000080001c8                SVC_Handler
                0x00000000080001c8                DMA1_Channel5_IRQHandler
                0x00000000080001c8                DMA1_Channel3_IRQHandler
                0x00000000080001c8                FSMC_IRQHandler
                0x00000000080001c8                TIM1_UP_IRQHandler
                0x00000000080001c8                WWDG_IRQHandler
                0x00000000080001c8                TIM2_IRQHandler
                0x00000000080001c8                TIM1_BRK_IRQHandler
                0x00000000080001c8                RTCAlarm_IRQHandler
                0x00000000080001c8                DMA2_Channel4_5_IRQHandler
                0x00000000080001c8                USART2_IRQHandler
                0x00000000080001c8                I2C2_ER_IRQHandler
                0x00000000080001c8                DMA1_Channel2_IRQHandler
                0x00000000080001c8                TIM8_BRK_IRQHandler
                0x00000000080001c8                FLASH_IRQHandler
                0x00000000080001c8                BusFault_Handler
                0x00000000080001c8                USART1_IRQHandler
                0x00000000080001c8                SPI3_IRQHandler
                0x00000000080001c8                I2C1_ER_IRQHandler
                0x00000000080001c8                DMA2_Channel3_IRQHandler
 *fill*         0x00000000080001ca        0x2 
 .text.EXTI0_IRQHandler
                0x00000000080001cc       0x24 ./stm32f103c6Drivers/stm32f103c6_EXTI_Driver.o
                0x00000000080001cc                EXTI0_IRQHandler
 .text.EXTI1_IRQHandler
                0x00000000080001f0       0x24 ./stm32f103c6Drivers/stm32f103c6_EXTI_Driver.o
                0x00000000080001f0                EXTI1_IRQHandler
 .text.EXTI2_IRQHandler
                0x0000000008000214       0x24 ./stm32f103c6Drivers/stm32f103c6_EXTI_Driver.o
                0x0000000008000214                EXTI2_IRQHandler
 .text.EXTI3_IRQHandler
                0x0000000008000238       0x24 ./stm32f103c6Drivers/stm32f103c6_EXTI_Driver.o
                0x0000000008000238                EXTI3_IRQHandler
 .text.EXTI4_IRQHandler
                0x000000000800025c       0x24 ./stm32f103c6Drivers/stm32f103c6_EXTI_Driver.o
                0x000000000800025c                EXTI4_IRQHandler
 .text.EXTI9_5_IRQHandler
                0x0000000008000280       0xa8 ./stm32f103c6Drivers/stm32f103c6_EXTI_Driver.o
                0x0000000008000280                EXTI9_5_IRQHandler
 .text.EXTI15_10_IRQHandler
                0x0000000008000328       0xc4 ./stm32f103c6Drivers/stm32f103c6_EXTI_Driver.o
                0x0000000008000328                EXTI15_10_IRQHandler
 .text.__libc_init_array
                0x00000000080003ec       0x48 c:/st/stm32cubeide_1.12.1/stm32cubeide/plugins/com.st.stm32cube.ide.mcu.externaltools.gnu-tools-for-stm32.10.3-2021.10.win32_1.0.200.202301161003/tools/bin/../lib/gcc/arm-none-eabi/10.3.1/../../../../arm-none-eabi/lib/thumb/v7-m/nofp\libc_nano.a(lib_a-init.o)
                0x00000000080003ec                __libc_init_array
 *(.glue_7)
 .glue_7        0x0000000008000434        0x0 linker stubs
 *(.glue_7t)
 .glue_7t       0x0000000008000434        0x0 linker stubs
 *(.eh_frame)
 .eh_frame      0x0000000008000434        0x0 c:/st/stm32cubeide_1.12.1/stm32cubeide/plugins/com.st.stm32cube.ide.mcu.externaltools.gnu-tools-for-stm32.10.3-2021.10.win32_1.0.200.202301161003/tools/bin/../lib/gcc/arm-none-eabi/10.3.1/thumb/v7-m/nofp/crtbegin.o
 *(.init)
 .init          0x0000000008000434        0x4 c:/st/stm32cubeide_1.12.1/stm32cubeide/plugins/com.st.stm32cube.ide.mcu.externaltools.gnu-tools-for-stm32.10.3-2021.10.win32_1.0.200.202301161003/tools/bin/../lib/gcc/arm-none-eabi/10.3.1/thumb/v7-m/nofp/crti.o
                0x0000000008000434                _init
 .init          0x0000000008000438        0x8 c:/st/stm32cubeide_1.12.1/stm32cubeide/plugins/com.st.stm32cube.ide.mcu.externaltools.gnu-tools-for-stm32.10.3-2021.10.win32_1.0.200.202301161003/tools/bin/../lib/gcc/arm-none-eabi/10.3.1/thumb/v7-m/nofp/crtn.o
 *(.fini)
 .fini          0x0000000008000440        0x4 c:/st/stm32cubeide_1.12.1/stm32cubeide/plugins/com.st.stm32cube.ide.mcu.externaltools.gnu-tools-for-stm32.10.3-2021.10.win32_1.0.200.202301161003/tools/bin/../lib/gcc/arm-none-eabi/10.3.1/thumb/v7-m/nofp/crti.o
                0x0000000008000440                _fini
 .fini          0x0000000008000444        0x8 c:/st/stm32cubeide_1.12.1/stm32cubeide/plugins/com.st.stm32cube.ide.mcu.externaltools.gnu-tools-for-stm32.10.3-2021.10.win32_1.0.200.202301161003/tools/bin/../lib/gcc/arm-none-eabi/10.3.1/thumb/v7-m/nofp/crtn.o
                0x000000000800044c                . = ALIGN (0x4)
                0x000000000800044c                _etext = .

.vfp11_veneer   0x000000000800044c        0x0
 .vfp11_veneer  0x000000000800044c        0x0 linker stubs

.v4_bx          0x000000000800044c        0x0
 .v4_bx         0x000000000800044c        0x0 linker stubs

.iplt           0x000000000800044c        0x0
 .iplt          0x000000000800044c        0x0 c:/st/stm32cubeide_1.12.1/stm32cubeide/plugins/com.st.stm32cube.ide.mcu.externaltools.gnu-tools-for-stm32.10.3-2021.10.win32_1.0.200.202301161003/tools/bin/../lib/gcc/arm-none-eabi/10.3.1/thumb/v7-m/nofp/crtbegin.o

.rel.dyn        0x000000000800044c        0x0
 .rel.iplt      0x000000000800044c        0x0 c:/st/stm32cubeide_1.12.1/stm32cubeide/plugins/com.st.stm32cube.ide.mcu.externaltools.gnu-tools-for-stm32.10.3-2021.10.win32_1.0.200.202301161003/tools/bin/../lib/gcc/arm-none-eabi/10.3.1/thumb/v7-m/nofp/crtbegin.o

.rodata         0x000000000800044c        0x0
                0x000000000800044c                . = ALIGN (0x4)
 *(.rodata)
 *(.rodata*)
                0x000000000800044c                . = ALIGN (0x4)

.ARM.extab      0x000000000800044c        0x0
                0x000000000800044c                . = ALIGN (0x4)
 *(.ARM.extab* .gnu.linkonce.armextab.*)
                0x000000000800044c                . = ALIGN (0x4)

.ARM            0x000000000800044c        0x0
                0x000000000800044c                . = ALIGN (0x4)
                0x000000000800044c                __exidx_start = .
 *(.ARM.exidx*)
                0x000000000800044c                __exidx_end = .
                0x000000000800044c                . = ALIGN (0x4)

.preinit_array  0x000000000800044c        0x0
                0x000000000800044c                . = ALIGN (0x4)
                0x000000000800044c                PROVIDE (__preinit_array_start = .)
 *(.preinit_array*)
                0x000000000800044c                PROVIDE (__preinit_array_end = .)
                0x000000000800044c                . = ALIGN (0x4)

.init_array     0x000000000800044c        0x4
                0x000000000800044c                . = ALIGN (0x4)
                0x000000000800044c                PROVIDE (__init_array_start = .)
 *(SORT_BY_NAME(.init_array.*))
 *(.init_array*)
 .init_array    0x000000000800044c        0x4 c:/st/stm32cubeide_1.12.1/stm32cubeide/plugins/com.st.stm32cube.ide.mcu.externaltools.gnu-tools-for-stm32.10.3-2021.10.win32_1.0.200.202301161003/tools/bin/../lib/gcc/arm-none-eabi/10.3.1/thumb/v7-m/nofp/crtbegin.o
                0x0000000008000450                PROVIDE (__init_array_end = .)
                0x0000000008000450                . = ALIGN (0x4)

.fini_array     0x0000000008000450        0x4
                0x0000000008000450                . = ALIGN (0x4)
                [!provide]                        PROVIDE (__fini_array_start = .)
 *(SORT_BY_NAME(.fini_array.*))
 *(.fini_array*)
 .fini_array    0x0000000008000450        0x4 c:/st/stm32cubeide_1.12.1/stm32cubeide/plugins/com.st.stm32cube.ide.mcu.externaltools.gnu-tools-for-stm32.10.3-2021.10.win32_1.0.200.202301161003/tools/bin/../lib/gcc/arm-none-eabi/10.3.1/thumb/v7-m/nofp/crtbegin.o
                [!provide]                        PROVIDE (__fini_array_end = .)
                0x0000000008000454                . = ALIGN (0x4)
                0x0000000008000454                _sidata = LOADADDR (.data)

.data           0x0000000020000000        0x0 load address 0x0000000008000454
                0x0000000020000000                . = ALIGN (0x4)
                0x0000000020000000                _sdata = .
 *(.data)
 *(.data*)
 *(.RamFunc)
 *(.RamFunc*)
                0x0000000020000000                . = ALIGN (0x4)
                0x0000000020000000                _edata = .

.igot.plt       0x0000000020000000        0x0 load address 0x0000000008000454
 .igot.plt      0x0000000020000000        0x0 c:/st/stm32cubeide_1.12.1/stm32cubeide/plugins/com.st.stm32cube.ide.mcu.externaltools.gnu-tools-for-stm32.10.3-2021.10.win32_1.0.200.202301161003/tools/bin/../lib/gcc/arm-none-eabi/10.3.1/thumb/v7-m/nofp/crtbegin.o
                0x0000000020000000                . = ALIGN (0x4)

.bss            0x0000000020000000       0x58 load address 0x0000000008000454
                0x0000000020000000                _sbss = .
                0x0000000020000000                __bss_start__ = _sbss
 *(.bss)
 .bss           0x0000000020000000       0x1c c:/st/stm32cubeide_1.12.1/stm32cubeide/plugins/com.st.stm32cube.ide.mcu.externaltools.gnu-tools-for-stm32.10.3-2021.10.win32_1.0.200.202301161003/tools/bin/../lib/gcc/arm-none-eabi/10.3.1/thumb/v7-m/nofp/crtbegin.o
 *(.bss*)
 .bss.GP_IRQ_CALLBACK
                0x000000002000001c       0x3c ./stm32f103c6Drivers/stm32f103c6_EXTI_Driver.o
                0x000000002000001c                GP_IRQ_CALLBACK
 *(COMMON)
                0x0000000020000058                . = ALIGN (0x4)
                0x0000000020000058                _ebss = .
                0x0000000020000058                __bss_end__ = _ebss

._user_heap_stack
                0x0000000020000058      0x600 load address 0x0000000008000454
                0x0000000020000058                . = ALIGN (0x8)
                [!provide]                        PROVIDE (end = .)
                0x0000000020000058                PROVIDE (_end = .)
                0x0000000020000258                . = (. + _Min_Heap_Size)
 *fill*         0x0000000020000058      0x200 
                0x0000000020000658                . = (. + _Min_Stack_Size)
 *fill*         0x0000000020000258      0x400 
                0x0000000020000658                . = ALIGN (0x8)

/DISCARD/
 libc.a(*)
 libm.a(*)
 libgcc.a(*)

.ARM.attributes
                0x0000000000000000       0x29
 *(.ARM.attributes)
 .ARM.attributes
                0x0000000000000000       0x1d c:/st/stm32cubeide_1.12.1/stm32cubeide/plugins/com.st.stm32cube.ide.mcu.externaltools.gnu-tools-for-stm32.10.3-2021.10.win32_1.0.200.202301161003/tools/bin/../lib/gcc/arm-none-eabi/10.3.1/thumb/v7-m/nofp/crti.o
 .ARM.attributes
                0x000000000000001d       0x2d c:/st/stm32cubeide_1.12.1/stm32cubeide/plugins/com.st.stm32cube.ide.mcu.externaltools.gnu-tools-for-stm32.10.3-2021.10.win32_1.0.200.202301161003/tools/bin/../lib/gcc/arm-none-eabi/10.3.1/thumb/v7-m/nofp/crtbegin.o
 .ARM.attributes
                0x000000000000004a       0x2d ./Src/main.o
 .ARM.attributes
                0x0000000000000077       0x21 ./Startup/startup_stm32f103c6tx.o
 .ARM.attributes
                0x0000000000000098       0x2d ./stm32f103c6Drivers/stm32f103c6_EXTI_Driver.o
 .ARM.attributes
                0x00000000000000c5       0x2d c:/st/stm32cubeide_1.12.1/stm32cubeide/plugins/com.st.stm32cube.ide.mcu.externaltools.gnu-tools-for-stm32.10.3-2021.10.win32_1.0.200.202301161003/tools/bin/../lib/gcc/arm-none-eabi/10.3.1/../../../../arm-none-eabi/lib/thumb/v7-m/nofp\libc_nano.a(lib_a-init.o)
 .ARM.attributes
                0x00000000000000f2       0x1d c:/st/stm32cubeide_1.12.1/stm32cubeide/plugins/com.st.stm32cube.ide.mcu.externaltools.gnu-tools-for-stm32.10.3-2021.10.win32_1.0.200.202301161003/tools/bin/../lib/gcc/arm-none-eabi/10.3.1/thumb/v7-m/nofp/crtn.o
OUTPUT(Drivers.elf elf32-littlearm)
LOAD linker stubs
LOAD c:/st/stm32cubeide_1.12.1/stm32cubeide/plugins/com.st.stm32cube.ide.mcu.externaltools.gnu-tools-for-stm32.10.3-2021.10.win32_1.0.200.202301161003/tools/bin/../lib/gcc/arm-none-eabi/10.3.1/../../../../arm-none-eabi/lib/thumb/v7-m/nofp\libc.a
LOAD c:/st/stm32cubeide_1.12.1/stm32cubeide/plugins/com.st.stm32cube.ide.mcu.externaltools.gnu-tools-for-stm32.10.3-2021.10.win32_1.0.200.202301161003/tools/bin/../lib/gcc/arm-none-eabi/10.3.1/../../../../arm-none-eabi/lib/thumb/v7-m/nofp\libm.a
LOAD c:/st/stm32cubeide_1.12.1/stm32cubeide/plugins/com.st.stm32cube.ide.mcu.externaltools.gnu-tools-for-stm32.10.3-2021.10.win32_1.0.200.202301161003/tools/bin/../lib/gcc/arm-none-eabi/10.3.1/thumb/v7-m/nofp\libgcc.a

.debug_info     0x0000000000000000      0x828
 .debug_info    0x0000000000000000      0x307 ./Src/main.o
 .debug_info    0x0000000000000307       0x22 ./Startup/startup_stm32f103c6tx.o
 .debug_info    0x0000000000000329      0x4ff ./stm32f103c6Drivers/stm32f103c6_EXTI_Driver.o

.debug_abbrev   0x0000000000000000      0x2ed
 .debug_abbrev  0x0000000000000000      0x141 ./Src/main.o
 .debug_abbrev  0x0000000000000141       0x12 ./Startup/startup_stm32f103c6tx.o
 .debug_abbrev  0x0000000000000153      0x19a ./stm32f103c6Drivers/stm32f103c6_EXTI_Driver.o

.debug_loc      0x0000000000000000      0x3ec
 .debug_loc     0x0000000000000000      0x11c ./Src/main.o
 .debug_loc     0x000000000000011c      0x2d0 ./stm32f103c6Drivers/stm32f103c6_EXTI_Driver.o

.debug_aranges  0x0000000000000000       0xd8
 .debug_aranges
                0x0000000000000000       0x38 ./Src/main.o
 .debug_aranges
                0x0000000000000038       0x28 ./Startup/startup_stm32f103c6tx.o
 .debug_aranges
                0x0000000000000060       0x78 ./stm32f103c6Drivers/stm32f103c6_EXTI_Driver.o

.debug_ranges   0x0000000000000000       0xb0
 .debug_ranges  0x0000000000000000       0x28 ./Src/main.o
 .debug_ranges  0x0000000000000028       0x20 ./Startup/startup_stm32f103c6tx.o
 .debug_ranges  0x0000000000000048       0x68 ./stm32f103c6Drivers/stm32f103c6_EXTI_Driver.o

.debug_macro    0x0000000000000000      0x7e3
 .debug_macro   0x0000000000000000      0x17b ./Src/main.o
 .debug_macro   0x000000000000017b       0x8e ./Src/main.o
 .debug_macro   0x0000000000000209       0x51 ./Src/main.o
 .debug_macro   0x000000000000025a       0x52 ./Src/main.o
 .debug_macro   0x00000000000002ac      0x222 ./Src/main.o
 .debug_macro   0x00000000000004ce       0x40 ./Src/main.o
 .debug_macro   0x000000000000050e       0xa0 ./Src/main.o
 .debug_macro   0x00000000000005ae      0x15f ./stm32f103c6Drivers/stm32f103c6_EXTI_Driver.o
 .debug_macro   0x000000000000070d       0xd6 ./stm32f103c6Drivers/stm32f103c6_EXTI_Driver.o

.debug_line     0x0000000000000000     0x1051
 .debug_line    0x0000000000000000      0x64d ./Src/main.o
 .debug_line    0x000000000000064d       0x84 ./Startup/startup_stm32f103c6tx.o
 .debug_line    0x00000000000006d1      0x980 ./stm32f103c6Drivers/stm32f103c6_EXTI_Driver.o

.debug_str      0x0000000000000000     0x91b2
 .debug_str     0x0000000000000000     0x8f15 ./Src/main.o
                                       0x911c (size before relaxing)
 .debug_str     0x0000000000008f15       0x31 ./Startup/startup_stm32f103c6tx.o
                                         0x61 (size before relaxing)
 .debug_str     0x0000000000008f46      0x26c ./stm32f103c6Drivers/stm32f103c6_EXTI_Driver.o
                                       0x9020 (size before relaxing)

.comment        0x0000000000000000       0x50
 .comment       0x0000000000000000       0x50 ./Src/main.o
                                         0x51 (size before relaxing)
 .comment       0x0000000000000050       0x51 ./stm32f103c6Drivers/stm32f103c6_EXTI_Driver.o

.debug_frame    0x0000000000000000      0x24c
 .debug_frame   0x0000000000000000       0x94 ./Src/main.o
 .debug_frame   0x0000000000000094      0x18c ./stm32f103c6Drivers/stm32f103c6_EXTI_Driver.o
 .debug_frame   0x0000000000000220       0x2c c:/st/stm32cubeide_1.12.1/stm32cubeide/plugins/com.st.stm32cube.ide.mcu.externaltools.gnu-tools-for-stm32.10.3-2021.10.win32_1.0.200.202301161003/tools/bin/../lib/gcc/arm-none-eabi/10.3.1/../../../../arm-none-eabi/lib/thumb/v7-m/nofp\libc_nano.a(lib_a-init.o)
