
Memory Configuration

Name             Origin             Length             Attributes
flash            0x08000000         0x00020000         xr
sram             0x20000000         0x00005000         xrw
*default*        0x00000000         0xffffffff

Linker script and memory map


.text           0x08000000      0x127
 *(.vectors*)
 .vectors       0x08000000       0x1c startup.o
                0x08000000                vectors
 *(.text*)
 .text          0x0800001c       0x78 main.o
                0x0800001c                delay
                0x08000042                main
 .text          0x08000094       0x90 startup.o
                0x08000094                H_Fault_Handler
                0x08000094                MM_Fault_Handler
                0x08000094                Usage_Fault_Handler
                0x08000094                Bus_Fault
                0x08000094                Default_Handler
                0x08000094                NMI_Handler
                0x080000a0                Reset_Handler
 *(.rodata)
 .rodata        0x08000124        0x3 main.o
                0x08000124                const_gvariables
                0x08000127                _E_text = .

.glue_7         0x08000128        0x0
 .glue_7        0x08000128        0x0 linker stubs

.glue_7t        0x08000128        0x0
 .glue_7t       0x08000128        0x0 linker stubs

.vfp11_veneer   0x08000128        0x0
 .vfp11_veneer  0x08000128        0x0 linker stubs

.v4_bx          0x08000128        0x0
 .v4_bx         0x08000128        0x0 linker stubs

.iplt           0x08000128        0x0
 .iplt          0x08000128        0x0 main.o

.rel.dyn        0x08000128        0x0
 .rel.iplt      0x08000128        0x0 main.o

.data           0x20000000        0x4 load address 0x08000127
                0x20000000                _S_data = .
 *(.data)
 .data          0x20000000        0x3 main.o
                0x20000000                gvariables
 .data          0x20000003        0x0 startup.o
                0x20000004                . = ALIGN (0x4)
 *fill*         0x20000003        0x1 
                0x20000004                _E_data = .

.igot.plt       0x20000004        0x0 load address 0x0800012b
 .igot.plt      0x20000004        0x0 main.o

.bss            0x20000004     0x1000 load address 0x0800012b
                0x20000004                _S_bss = .
 *(.bss)
 .bss           0x20000004        0x0 main.o
 .bss           0x20000004        0x0 startup.o
                0x20000004                _E_bss = .
                0x20000004                . = ALIGN (0x4)
                0x20001004                . = (. + 0x1000)
 *fill*         0x20000004     0x1000 
                0x20001004                _stack_top = .
LOAD main.o
LOAD startup.o
OUTPUT(lab2.elf elf32-littlearm)

.debug_info     0x00000000      0x3fe
 .debug_info    0x00000000      0x26f main.o
 .debug_info    0x0000026f      0x18f startup.o

.debug_abbrev   0x00000000      0x1c0
 .debug_abbrev  0x00000000       0xec main.o
 .debug_abbrev  0x000000ec       0xd4 startup.o

.debug_loc      0x00000000      0x104
 .debug_loc     0x00000000       0x88 main.o
 .debug_loc     0x00000088       0x7c startup.o

.debug_aranges  0x00000000       0x40
 .debug_aranges
                0x00000000       0x20 main.o
 .debug_aranges
                0x00000020       0x20 startup.o

.debug_line     0x00000000      0x273
 .debug_line    0x00000000      0x137 main.o
 .debug_line    0x00000137      0x13c startup.o

.debug_str      0x00000000      0x24d
 .debug_str     0x00000000      0x1cd main.o
                                0x21a (size before relaxing)
 .debug_str     0x000001cd       0x80 startup.o
                                0x1f4 (size before relaxing)

.comment        0x00000000       0x7e
 .comment       0x00000000       0x7e main.o
                                 0x7f (size before relaxing)
 .comment       0x0000007e       0x7f startup.o

.ARM.attributes
                0x00000000       0x33
 .ARM.attributes
                0x00000000       0x33 main.o
 .ARM.attributes
                0x00000033       0x33 startup.o

.debug_frame    0x00000000       0xa4
 .debug_frame   0x00000000       0x54 main.o
 .debug_frame   0x00000054       0x50 startup.o
